Component: ARM Compiler 5.06 update 6 (build 750) Tool: armlink [4d35ed]

==============================================================================

Section Cross References

    main.o(i.main) refers to dev_delay.o(i.dev_delay_init) for dev_delay_init
    main.o(i.main) refers to dev_utilities.o(i.dev_uti_blink_init) for dev_uti_blink_init
    main.o(i.main) refers to dev_keypad.o(i.dev_keypad_init) for dev_keypad_init
    main.o(i.main) refers to dev_usart.o(i.dev_usart_usart2_init) for dev_usart_usart2_init
    main.o(i.main) refers to dev_usart.o(i.dev_usart_usart3_init) for dev_usart_usart3_init
    main.o(i.main) refers to dev_lcd_i2c.o(i.dev_lcd_init) for dev_lcd_init
    main.o(i.main) refers to dev_utilities.o(i.dev_uti_show_electric_water) for dev_uti_show_electric_water
    main.o(i.main) refers to dev_utilities.o(i.dev_uti_blink) for dev_uti_blink
    main.o(i.main) refers to dev_keypad.o(i.dev_keypad_respond) for dev_keypad_respond
    main.o(i.main) refers to dev_utilities.o(i.dev_uti_prompt_to_insert) for dev_uti_prompt_to_insert
    main.o(i.main) refers to dev_delay.o(i.dev_delay_ms) for dev_delay_ms
    main.o(i.main) refers to dev_utilities.o(i.dev_uti_string_copy) for dev_uti_string_copy
    main.o(i.main) refers to dev_utilities.o(i.dev_uti_reset_string) for dev_uti_reset_string
    main.o(i.main) refers to dev_lcd_i2c.o(i.dev_lcd_goto_xy) for dev_lcd_goto_xy
    main.o(i.main) refers to dev_lcd_i2c.o(i.dev_lcd_send_string) for dev_lcd_send_string
    main.o(i.main) refers to dev_utilities.o(i.dev_uti_show_month) for dev_uti_show_month
    main.o(i.main) refers to dev_utilities.o(i.dev_uti_show_insertions) for dev_uti_show_insertions
    main.o(i.main) refers to dev_utilities.o(i.dev_uti_make_confirmation) for dev_uti_make_confirmation
    main.o(i.main) refers to dev_utilities.o(i.dev_uti_send_to_esp) for dev_uti_send_to_esp
    main.o(i.main) refers to dev_lcd_i2c.o(i.dev_lcd_clear) for dev_lcd_clear
    main.o(i.main) refers to dev_lcd_i2c.o(i.dev_lcd_on_backlight) for dev_lcd_on_backlight
    main.o(i.main) refers to dev_lcd_i2c.o(i.dev_lcd_off_backlight) for dev_lcd_off_backlight
    main.o(i.main) refers to dev_lcd_i2c.o(i.dev_lcd_send_char) for dev_lcd_send_char
    main.o(i.main) refers to main.o(.data) for i_temp
    main.o(i.main) refers to main.o(.bss) for temp
    stm32f10x_it.o(i.USART2_IRQHandler) refers to stm32f10x_usart.o(i.USART_GetITStatus) for USART_GetITStatus
    stm32f10x_it.o(i.USART2_IRQHandler) refers to stm32f10x_usart.o(i.USART_ReceiveData) for USART_ReceiveData
    stm32f10x_it.o(i.USART2_IRQHandler) refers to stm32f10x_it.o(.data) for flag$
    stm32f10x_it.o(i.USART2_IRQHandler) refers to main.o(.data) for stop
    stm32f10x_it.o(i.USART2_IRQHandler) refers to main.o(.bss) for usart_received_string
    stm32f10x_it.o(i.USART3_IRQHandler) refers to stm32f10x_usart.o(i.USART_GetITStatus) for USART_GetITStatus
    stm32f10x_it.o(i.USART3_IRQHandler) refers to stm32f10x_usart.o(i.USART_ReceiveData) for USART_ReceiveData
    stm32f10x_it.o(i.USART3_IRQHandler) refers to main.o(.data) for usart_received_string_i
    stm32f10x_it.o(i.USART3_IRQHandler) refers to main.o(.bss) for usart_received_string
    dev_delay.o(i.SysTick_Handler) refers to dev_delay.o(.data) for usTicks
    dev_delay.o(i.dev_delay_init) refers to system_stm32f10x.o(i.SystemCoreClockUpdate) for SystemCoreClockUpdate
    dev_delay.o(i.dev_delay_init) refers to system_stm32f10x.o(.data) for SystemCoreClock
    dev_delay.o(i.dev_delay_ms) refers to dev_delay.o(i.dev_delay_us) for dev_delay_us
    dev_delay.o(i.dev_delay_us) refers to dev_delay.o(.data) for usTicks
    dev_keypad.o(i.dev_keypad_get_key) refers to dev_keypad.o(i.dev_keypad_respond) for dev_keypad_respond
    dev_keypad.o(i.dev_keypad_init) refers to stm32f10x_rcc.o(i.RCC_APB2PeriphClockCmd) for RCC_APB2PeriphClockCmd
    dev_keypad.o(i.dev_keypad_init) refers to stm32f10x_gpio.o(i.GPIO_Init) for GPIO_Init
    dev_keypad.o(i.dev_keypad_init) refers to main.o(.data) for GPIO_InitStructure
    dev_keypad.o(i.dev_keypad_respond) refers to stm32f10x_gpio.o(i.GPIO_ResetBits) for GPIO_ResetBits
    dev_keypad.o(i.dev_keypad_respond) refers to stm32f10x_gpio.o(i.GPIO_SetBits) for GPIO_SetBits
    dev_keypad.o(i.dev_keypad_respond) refers to stm32f10x_gpio.o(i.GPIO_ReadInputDataBit) for GPIO_ReadInputDataBit
    dev_keypad.o(i.dev_keypad_respond) refers to dev_delay.o(i.dev_delay_ms) for dev_delay_ms
    dev_utilities.o(i.dev_uti_blink) refers to stm32f10x_gpio.o(i.GPIO_SetBits) for GPIO_SetBits
    dev_utilities.o(i.dev_uti_blink) refers to dev_delay.o(i.dev_delay_ms) for dev_delay_ms
    dev_utilities.o(i.dev_uti_blink) refers to stm32f10x_gpio.o(i.GPIO_ResetBits) for GPIO_ResetBits
    dev_utilities.o(i.dev_uti_blink_init) refers to stm32f10x_rcc.o(i.RCC_APB2PeriphClockCmd) for RCC_APB2PeriphClockCmd
    dev_utilities.o(i.dev_uti_blink_init) refers to stm32f10x_gpio.o(i.GPIO_Init) for GPIO_Init
[...]
    dev_utilities.o(i.dev_uti_show_insertions) refers to dev_lcd_i2c.o(i.dev_lcd_clear) for dev_lcd_clear
    dev_utilities.o(i.dev_uti_show_insertions) refers to dev_lcd_i2c.o(i.dev_lcd_goto_xy) for dev_lcd_goto_xy
    dev_utilities.o(i.dev_uti_show_insertions) refers to dev_lcd_i2c.o(i.dev_lcd_send_string) for dev_lcd_send_string
    dev_utilities.o(i.dev_uti_show_insertions) refers to dev_lcd_i2c.o(i.dev_lcd_send_char) for dev_lcd_send_char
    dev_utilities.o(i.dev_uti_show_insertions) refers to main.o(.bss) for room
    dev_utilities.o(i.dev_uti_show_month) refers to dev_lcd_i2c.o(i.dev_lcd_clear) for dev_lcd_clear
    dev_utilities.o(i.dev_uti_show_month) refers to dev_lcd_i2c.o(i.dev_lcd_goto_xy) for dev_lcd_goto_xy
    dev_utilities.o(i.dev_uti_show_month) refers to dev_lcd_i2c.o(i.dev_lcd_send_string) for dev_lcd_send_string
    dev_lcd_i2c.o(i.dev_lcd_clear) refers to dev_lcd_i2c.o(i.dev_lcd_send_cmd) for dev_lcd_send_cmd
    dev_lcd_i2c.o(i.dev_lcd_clear) refers to dev_delay.o(i.dev_delay_ms) for dev_delay_ms
    dev_lcd_i2c.o(i.dev_lcd_goto_xy) refers to dev_lcd_i2c.o(i.dev_lcd_send_cmd) for dev_lcd_send_cmd
    dev_lcd_i2c.o(i.dev_lcd_i2c_config) refers to stm32f10x_rcc.o(i.RCC_APB1PeriphClockCmd) for RCC_APB1PeriphClockCmd
    dev_lcd_i2c.o(i.dev_lcd_i2c_config) refers to stm32f10x_rcc.o(i.RCC_APB2PeriphClockCmd) for RCC_APB2PeriphClockCmd
    dev_lcd_i2c.o(i.dev_lcd_i2c_config) refers to stm32f10x_gpio.o(i.GPIO_Init) for GPIO_Init
    dev_lcd_i2c.o(i.dev_lcd_i2c_config) refers to stm32f10x_i2c.o(i.I2C_Init) for I2C_Init
    dev_lcd_i2c.o(i.dev_lcd_i2c_config) refers to stm32f10x_i2c.o(i.I2C_Cmd) for I2C_Cmd
    dev_lcd_i2c.o(i.dev_lcd_i2c_config) refers to main.o(.data) for GPIO_InitStructure
    dev_lcd_i2c.o(i.dev_lcd_i2c_config) refers to dev_lcd_i2c.o(.bss) for I2C_InitStructure
    dev_lcd_i2c.o(i.dev_lcd_init) refers to dev_lcd_i2c.o(i.dev_lcd_i2c_config) for dev_lcd_i2c_config
    dev_lcd_i2c.o(i.dev_lcd_init) refers to dev_delay.o(i.dev_delay_ms) for dev_delay_ms
    dev_lcd_i2c.o(i.dev_lcd_init) refers to dev_lcd_i2c.o(i.dev_lcd_send_cmd) for dev_lcd_send_cmd
    dev_lcd_i2c.o(i.dev_lcd_init) refers to dev_lcd_i2c.o(i.dev_lcd_clear) for dev_lcd_clear
    dev_lcd_i2c.o(i.dev_lcd_off_backlight) refers to dev_lcd_i2c.o(i.dev_lcd_clear) for dev_lcd_clear
    dev_lcd_i2c.o(i.dev_lcd_off_backlight) refers to dev_lcd_i2c.o(i.dev_lcd_send_byte) for dev_lcd_send_byte
    dev_lcd_i2c.o(i.dev_lcd_on_backlight) refers to dev_lcd_i2c.o(i.dev_lcd_clear) for dev_lcd_clear
    dev_lcd_i2c.o(i.dev_lcd_on_backlight) refers to dev_lcd_i2c.o(i.dev_lcd_send_byte) for dev_lcd_send_byte
    dev_lcd_i2c.o(i.dev_lcd_send_byte) refers to stm32f10x_i2c.o(i.I2C_GenerateSTART) for I2C_GenerateSTART
    dev_lcd_i2c.o(i.dev_lcd_send_byte) refers to stm32f10x_i2c.o(i.I2C_CheckEvent) for I2C_CheckEvent
    dev_lcd_i2c.o(i.dev_lcd_send_byte) refers to stm32f10x_i2c.o(i.I2C_Send7bitAddress) for I2C_Send7bitAddress
    dev_lcd_i2c.o(i.dev_lcd_send_byte) refers to stm32f10x_i2c.o(i.I2C_SendData) for I2C_SendData
    dev_lcd_i2c.o(i.dev_lcd_send_byte) refers to stm32f10x_i2c.o(i.I2C_GenerateSTOP) for I2C_GenerateSTOP
    dev_lcd_i2c.o(i.dev_lcd_send_char) refers to dev_lcd_i2c.o(i.dev_lcd_send_data) for dev_lcd_send_data
    dev_lcd_i2c.o(i.dev_lcd_send_cmd) refers to dev_lcd_i2c.o(i.dev_lcd_send_byte) for dev_lcd_send_byte
    dev_lcd_i2c.o(i.dev_lcd_send_data) refers to dev_lcd_i2c.o(i.dev_lcd_send_byte) for dev_lcd_send_byte
    dev_lcd_i2c.o(i.dev_lcd_send_string) refers to dev_lcd_i2c.o(i.dev_lcd_send_data) for dev_lcd_send_data
    dev_usart.o(i.dev_usart_clear_buf) refers to main.o(.data) for usart_received_string_i
    dev_usart.o(i.dev_usart_send_char) refers to stm32f10x_usart.o(i.USART_GetFlagStatus) for USART_GetFlagStatus
    dev_usart.o(i.dev_usart_send_char) refers to stm32f10x_usart.o(i.USART_SendData) for USART_SendData
    dev_usart.o(i.dev_usart_send_string) refers to dev_usart.o(i.dev_usart_send_char) for dev_usart_send_char
    dev_usart.o(i.dev_usart_usart2_init) refers to stm32f10x_rcc.o(i.RCC_APB2PeriphClockCmd) for RCC_APB2PeriphClockCmd
    dev_usart.o(i.dev_usart_usart2_init) refers to stm32f10x_rcc.o(i.RCC_APB1PeriphClockCmd) for RCC_APB1PeriphClockCmd
    dev_usart.o(i.dev_usart_usart2_init) refers to stm32f10x_gpio.o(i.GPIO_Init) for GPIO_Init
    dev_usart.o(i.dev_usart_usart2_init) refers to stm32f10x_usart.o(i.USART_Init) for USART_Init
    dev_usart.o(i.dev_usart_usart2_init) refers to misc.o(i.NVIC_Init) for NVIC_Init
    dev_usart.o(i.dev_usart_usart2_init) refers to stm32f10x_usart.o(i.USART_ClearFlag) for USART_ClearFlag
    dev_usart.o(i.dev_usart_usart2_init) refers to stm32f10x_usart.o(i.USART_ITConfig) for USART_ITConfig
    dev_usart.o(i.dev_usart_usart2_init) refers to stm32f10x_usart.o(i.USART_Cmd) for USART_Cmd
    dev_usart.o(i.dev_usart_usart2_init) refers to main.o(.data) for GPIO_InitStructure
    dev_usart.o(i.dev_usart_usart2_init) refers to dev_usart.o(.bss) for USART_InitStructure
    dev_usart.o(i.dev_usart_usart2_init) refers to dev_usart.o(.data) for NVIC_InitStructure
    dev_usart.o(i.dev_usart_usart3_init) refers to stm32f10x_rcc.o(i.RCC_APB2PeriphClockCmd) for RCC_APB2PeriphClockCmd
    dev_usart.o(i.dev_usart_usart3_init) refers to stm32f10x_rcc.o(i.RCC_APB1PeriphClockCmd) for RCC_APB1PeriphClockCmd
    dev_usart.o(i.dev_usart_usart3_init) refers to stm32f10x_gpio.o(i.GPIO_Init) for GPIO_Init
    dev_usart.o(i.dev_usart_usart3_init) refers to stm32f10x_usart.o(i.USART_Init) for USART_Init
    dev_usart.o(i.dev_usart_usart3_init) refers to misc.o(i.NVIC_Init) for NVIC_Init
    dev_usart.o(i.dev_usart_usart3_init) refers to stm32f10x_usart.o(i.USART_ClearFlag) for USART_ClearFlag
    dev_usart.o(i.dev_usart_usart3_init) refers to stm32f10x_usart.o(i.USART_ITConfig) for USART_ITConfig
    dev_usart.o(i.dev_usart_usart3_init) refers to stm32f10x_usart.o(i.USART_Cmd) for USART_Cmd
    dev_usart.o(i.dev_usart_usart3_init) refers to main.o(.data) for GPIO_InitStructure
    dev_usart.o(i.dev_usart_usart3_init) refers to dev_usart.o(.bss) for USART_InitStructure
    dev_usart.o(i.dev_usart_usart3_init) refers to dev_usart.o(.data) for NVIC_InitStructure
    stm32f10x_gpio.o(i.GPIO_AFIODeInit) refers to stm32f10x_rcc.o(i.RCC_APB2PeriphResetCmd) for RCC_APB2PeriphResetCmd
    stm32f10x_gpio.o(i.GPIO_DeInit) refers to stm32f10x_rcc.o(i.RCC_APB2PeriphResetCmd) for RCC_APB2PeriphResetCmd
    stm32f10x_rcc.o(i.RCC_GetClocksFreq) refers to stm32f10x_rcc.o(.data) for APBAHBPrescTable
    stm32f10x_rcc.o(i.RCC_WaitForHSEStartUp) refers to stm32f10x_rcc.o(i.RCC_GetFlagStatus) for RCC_GetFlagStatus
    stm32f10x_i2c.o(i.I2C_DeInit) refers to stm32f10x_rcc.o(i.RCC_APB1PeriphResetCmd) for RCC_APB1PeriphResetCmd
    stm32f10x_i2c.o(i.I2C_Init) refers to stm32f10x_rcc.o(i.RCC_GetClocksFreq) for RCC_GetClocksFreq
    stm32f10x_usart.o(i.USART_DeInit) refers to stm32f10x_rcc.o(i.RCC_APB2PeriphResetCmd) for RCC_APB2PeriphResetCmd
    stm32f10x_usart.o(i.USART_DeInit) refers to stm32f10x_rcc.o(i.RCC_APB1PeriphResetCmd) for RCC_APB1PeriphResetCmd
    stm32f10x_usart.o(i.USART_Init) refers to stm32f10x_rcc.o(i.RCC_GetClocksFreq) for RCC_GetClocksFreq
    startup_stm32f10x_md.o(STACK) refers (Special) to heapauxi.o(.text) for __use_two_region_memory
    startup_stm32f10x_md.o(HEAP) refers (Special) to heapauxi.o(.text) for __use_two_region_memory
    startup_stm32f10x_md.o(RESET) refers (Special) to heapauxi.o(.text) for __use_two_region_memory
    startup_stm32f10x_md.o(RESET) refers to startup_stm32f10x_md.o(STACK) for __initial_sp
    startup_stm32f10x_md.o(RESET) refers to startup_stm32f10x_md.o(.text) for Reset_Handler
    startup_stm32f10x_md.o(RESET) refers to stm32f10x_it.o(i.NMI_Handler) for NMI_Handler
    startup_stm32f10x_md.o(RESET) refers to stm32f10x_it.o(i.HardFault_Handler) for HardFault_Handler
    startup_stm32f10x_md.o(RESET) refers to stm32f10x_it.o(i.MemManage_Handler) for MemManage_Handler
    startup_stm32f10x_md.o(RESET) refers to stm32f10x_it.o(i.BusFault_Handler) for BusFault_Handler
    startup_stm32f10x_md.o(RESET) refers to stm32f10x_it.o(i.UsageFault_Handler) for UsageFault_Handler
    startup_stm32f10x_md.o(RESET) refers to stm32f10x_it.o(i.SVC_Handler) for SVC_Handler
    startup_stm32f10x_md.o(RESET) refers to stm32f10x_it.o(i.DebugMon_Handler) for DebugMon_Handler
    startup_stm32f10x_md.o(RESET) refers to stm32f10x_it.o(i.PendSV_Handler) for PendSV_Handler
    startup_stm32f10x_md.o(RESET) refers to dev_delay.o(i.SysTick_Handler) for SysTick_Handler
    startup_stm32f10x_md.o(RESET) refers to stm32f10x_it.o(i.USART2_IRQHandler) for USART2_IRQHandler
    startup_stm32f10x_md.o(RESET) refers to stm32f10x_it.o(i.USART3_IRQHandler) for USART3_IRQHandler
    startup_stm32f10x_md.o(.text) refers (Special) to heapauxi.o(.text) for __use_two_region_memory
    startup_stm32f10x_md.o(.text) refers to system_stm32f10x.o(i.SystemInit) for SystemInit
    startup_stm32f10x_md.o(.text) refers to __main.o(!!!main) for __main
    startup_stm32f10x_md.o(.text) refers to startup_stm32f10x_md.o(HEAP) for Heap_Mem
    startup_stm32f10x_md.o(.text) refers to startup_stm32f10x_md.o(STACK) for Stack_Mem
    system_stm32f10x.o(i.SetSysClock) refers to system_stm32f10x.o(i.SetSysClockTo72) for SetSysClockTo72
    system_stm32f10x.o(i.SystemCoreClockUpdate) refers to system_stm32f10x.o(.data) for SystemCoreClock
    system_stm32f10x.o(i.SystemInit) refers to system_stm32f10x.o(i.SetSysClock) for SetSysClock
    __main.o(!!!main) refers to __rtentry.o(.ARM.Collect$$rtentry$$00000000) for __rt_entry
    __rtentry.o(.ARM.Collect$$rtentry$$00000000) refers (Special) to __rtentry2.o(.ARM.Collect$$rtentry$$0000000A) for __rt_entry_li
    __rtentry.o(.ARM.Collect$$rtentry$$00000000) refers (Special) to __rtentry2.o(.ARM.Collect$$rtentry$$0000000D) for __rt_entry_main
    __rtentry.o(.ARM.Collect$$rtentry$$00000000) refers (Special) to __rtentry2.o(.ARM.Collect$$rtentry$$0000000C) for __rt_entry_postli_1
    __rtentry.o(.ARM.Collect$$rtentry$$00000000) refers (Special) to __rtentry2.o(.ARM.Collect$$rtentry$$00000009) for __rt_entry_postsh_1
    __rtentry.o(.ARM.Collect$$rtentry$$00000000) refers (Special) to __rtentry2.o(.ARM.Collect$$rtentry$$00000002) for __rt_entry_presh_1
    __rtentry.o(.ARM.Collect$$rtentry$$00000000) refers (Special) to __rtentry4.o(.ARM.Collect$$rtentry$$00000004) for __rt_entry_sh
    __rtentry2.o(.ARM.Collect$$rtentry$$00000008) refers to boardinit2.o(.text) for _platform_post_stackheap_init
    __rtentry2.o(.ARM.Collect$$rtentry$$0000000A) refers to libinit.o(.ARM.Collect$$libinit$$00000000) for __rt_lib_init
    __rtentry2.o(.ARM.Collect$$rtentry$$0000000B) refers to boardinit3.o(.text) for _platform_post_lib_init
    __rtentry2.o(.ARM.Collect$$rtentry$$0000000D) refers to main.o(i.main) for main
    __rtentry2.o(.ARM.Collect$$rtentry$$0000000D) refers to exit.o(.text) for exit
    __rtentry2.o(.ARM.exidx) refers to __rtentry2.o(.ARM.Collect$$rtentry$$00000001) for .ARM.Collect$$rtentry$$00000001
    __rtentry2.o(.ARM.exidx) refers to __rtentry2.o(.ARM.Collect$$rtentry$$00000008) for .ARM.Collect$$rtentry$$00000008
    __rtentry2.o(.ARM.exidx) refers to __rtentry2.o(.ARM.Collect$$rtentry$$0000000A) for .ARM.Collect$$rtentry$$0000000A
    __rtentry2.o(.ARM.exidx) refers to __rtentry2.o(.ARM.Collect$$rtentry$$0000000B) for .ARM.Collect$$rtentry$$0000000B
    __rtentry2.o(.ARM.exidx) refers to __rtentry2.o(.ARM.Collect$$rtentry$$0000000D) for .ARM.Collect$$rtentry$$0000000D
    __rtentry4.o(.ARM.Collect$$rtentry$$00000004) refers to sys_stackheap_outer.o(.text) for __user_setup_stackheap
    __rtentry4.o(.ARM.exidx) refers to __rtentry4.o(.ARM.Collect$$rtentry$$00000004) for .ARM.Collect$$rtentry$$00000004
    sys_stackheap_outer.o(.text) refers to libspace.o(.text) for __user_perproc_libspace
    sys_stackheap_outer.o(.text) refers to startup_stm32f10x_md.o(.text) for __user_initial_stackheap
    exit.o(.text) refers to rtexit.o(.ARM.Collect$$rtexit$$00000000) for __rt_exit
    libinit.o(.ARM.Collect$$libinit$$00000000) refers (Special) to libinit2.o(.ARM.Collect$$libinit$$0000002E) for __rt_lib_init_alloca_1
    libinit.o(.ARM.Collect$$libinit$$00000000) refers (Special) to libinit2.o(.ARM.Collect$$libinit$$0000002C) for __rt_lib_init_argv_1
    libinit.o(.ARM.Collect$$libinit$$00000000) refers (Special) to libinit2.o(.ARM.Collect$$libinit$$0000001B) for __rt_lib_init_atexit_1
    libinit.o(.ARM.Collect$$libinit$$00000000) refers (Special) to libinit2.o(.ARM.Collect$$libinit$$00000021) for __rt_lib_init_clock_1
    libinit.o(.ARM.Collect$$libinit$$00000000) refers (Special) to libinit2.o(.ARM.Collect$$libinit$$00000032) for __rt_lib_init_cpp_1
    libinit.o(.ARM.Collect$$libinit$$00000000) refers (Special) to libinit2.o(.ARM.Collect$$libinit$$00000030) for __rt_lib_init_exceptions_1
    libinit.o(.ARM.Collect$$libinit$$00000000) refers (Special) to libinit2.o(.ARM.Collect$$libinit$$00000002) for __rt_lib_init_fp_1
    libinit.o(.ARM.Collect$$libinit$$00000000) refers (Special) to libinit2.o(.ARM.Collect$$libinit$$0000001F) for __rt_lib_init_fp_trap_1
    libinit.o(.ARM.Collect$$libinit$$00000000) refers (Special) to libinit2.o(.ARM.Collect$$libinit$$00000023) for __rt_lib_init_getenv_1
    libinit.o(.ARM.Collect$$libinit$$00000000) refers (Special) to libinit2.o(.ARM.Collect$$libinit$$0000000A) for __rt_lib_init_heap_1
    libinit.o(.ARM.Collect$$libinit$$00000000) refers (Special) to libinit2.o(.ARM.Collect$$libinit$$00000011) for __rt_lib_init_lc_collate_1
    libinit.o(.ARM.Collect$$libinit$$00000000) refers (Special) to libinit2.o(.ARM.Collect$$libinit$$00000013) for __rt_lib_init_lc_ctype_1
    libinit.o(.ARM.Collect$$libinit$$00000000) refers (Special) to libinit2.o(.ARM.Collect$$libinit$$00000015) for __rt_lib_init_lc_monetary_1
    libinit.o(.ARM.Collect$$libinit$$00000000) refers (Special) to libinit2.o(.ARM.Collect$$libinit$$00000017) for __rt_lib_init_lc_numeric_1
    libinit.o(.ARM.Collect$$libinit$$00000000) refers (Special) to libinit2.o(.ARM.Collect$$libinit$$00000019) for __rt_lib_init_lc_time_1
    libinit.o(.ARM.Collect$$libinit$$00000000) refers (Special) to libinit2.o(.ARM.Collect$$libinit$$00000004) for __rt_lib_init_preinit_1
    libinit.o(.ARM.Collect$$libinit$$00000000) refers (Special) to libinit2.o(.ARM.Collect$$libinit$$0000000E) for __rt_lib_init_rand_1
    libinit.o(.ARM.Collect$$libinit$$00000000) refers (Special) to libinit2.o(.ARM.Collect$$libinit$$00000033) for __rt_lib_init_return
    libinit.o(.ARM.Collect$$libinit$$00000000) refers (Special) to libinit2.o(.ARM.Collect$$libinit$$0000001D) for __rt_lib_init_signal_1
    libinit.o(.ARM.Collect$$libinit$$00000000) refers (Special) to libinit2.o(.ARM.Collect$$libinit$$00000025) for __rt_lib_init_stdio_1
    libinit.o(.ARM.Collect$$libinit$$00000000) refers (Special) to libinit2.o(.ARM.Collect$$libinit$$0000000C) for __rt_lib_init_user_alloc_1
    libspace.o(.text) refers to libspace.o(.bss) for __libspace_start
    rtexit.o(.ARM.Collect$$rtexit$$00000000) refers (Special) to rtexit2.o(.ARM.Collect$$rtexit$$00000004) for __rt_exit_exit
    rtexit.o(.ARM.Collect$$rtexit$$00000000) refers (Special) to rtexit2.o(.ARM.Collect$$rtexit$$00000003) for __rt_exit_ls
    rtexit.o(.ARM.Collect$$rtexit$$00000000) refers (Special) to rtexit2.o(.ARM.Collect$$rtexit$$00000002) for __rt_exit_prels_1
    rtexit.o(.ARM.exidx) refers (Special) to rtexit2.o(.ARM.Collect$$rtexit$$00000004) for __rt_exit_exit
    rtexit.o(.ARM.exidx) refers (Special) to rtexit2.o(.ARM.Collect$$rtexit$$00000003) for __rt_exit_ls
    rtexit.o(.ARM.exidx) refers (Special) to rtexit2.o(.ARM.Collect$$rtexit$$00000002) for __rt_exit_prels_1
    rtexit.o(.ARM.exidx) refers to rtexit.o(.ARM.Collect$$rtexit$$00000000) for .ARM.Collect$$rtexit$$00000000
    libinit2.o(.ARM.Collect$$libinit$$00000010) refers to libinit2.o(.ARM.Collect$$libinit$$0000000F) for .ARM.Collect$$libinit$$0000000F
    libinit2.o(.ARM.Collect$$libinit$$00000012) refers to libinit2.o(.ARM.Collect$$libinit$$0000000F) for .ARM.Collect$$libinit$$0000000F
    libinit2.o(.ARM.Collect$$libinit$$00000014) refers to libinit2.o(.ARM.Collect$$libinit$$0000000F) for .ARM.Collect$$libinit$$0000000F
    libinit2.o(.ARM.Collect$$libinit$$00000016) refers to libinit2.o(.ARM.Collect$$libinit$$0000000F) for .ARM.Collect$$libinit$$0000000F
    libinit2.o(.ARM.Collect$$libinit$$00000018) refers to libinit2.o(.ARM.Collect$$libinit$$0000000F) for .ARM.Collect$$libinit$$0000000F
    libinit2.o(.ARM.Collect$$libinit$$00000026) refers to argv_veneer.o(.emb_text) for __ARM_argv_veneer
    libinit2.o(.ARM.Collect$$libinit$$00000027) refers to argv_veneer.o(.emb_text) for __ARM_argv_veneer
    rtexit2.o(.ARM.Collect$$rtexit$$00000003) refers to libshutdown.o(.ARM.Collect$$libshutdown$$00000000) for __rt_lib_shutdown
    rtexit2.o(.ARM.Collect$$rtexit$$00000004) refers to sys_exit.o(.text) for _sys_exit
    rtexit2.o(.ARM.exidx) refers to rtexit2.o(.ARM.Collect$$rtexit$$00000001) for .ARM.Collect$$rtexit$$00000001
    rtexit2.o(.ARM.exidx) refers to rtexit2.o(.ARM.Collect$$rtexit$$00000003) for .ARM.Collect$$rtexit$$00000003
    rtexit2.o(.ARM.exidx) refers to rtexit2.o(.ARM.Collect$$rtexit$$00000004) for .ARM.Collect$$rtexit$$00000004
    argv_veneer.o(.emb_text) refers to no_argv.o(.text) for __ARM_get_argv
    sys_exit.o(.text) refers (Special) to use_no_semi.o(.text) for __I$use$semihosting
    sys_exit.o(.text) refers (Special) to indicate_semi.o(.text) for __semihosting_library_function
    _get_argv_nomalloc.o(.text) refers (Special) to hrguard.o(.text) for __heap_region$guard
    _get_argv_nomalloc.o(.text) refers to defsig_rtmem_outer.o(.text) for __rt_SIGRTMEM
    _get_argv_nomalloc.o(.text) refers to sys_command.o(.text) for _sys_command_string
    libshutdown.o(.ARM.Collect$$libshutdown$$00000000) refers (Special) to libshutdown2.o(.ARM.Collect$$libshutdown$$00000002) for __rt_lib_shutdown_cpp_1
    libshutdown.o(.ARM.Collect$$libshutdown$$00000000) refers (Special) to libshutdown2.o(.ARM.Collect$$libshutdown$$00000007) for __rt_lib_shutdown_fp_trap_1
    libshutdown.o(.ARM.Collect$$libshutdown$$00000000) refers (Special) to libshutdown2.o(.ARM.Collect$$libshutdown$$0000000F) for __rt_lib_shutdown_heap_1
    libshutdown.o(.ARM.Collect$$libshutdown$$00000000) refers (Special) to libshutdown2.o(.ARM.Collect$$libshutdown$$00000010) for __rt_lib_shutdown_return
    libshutdown.o(.ARM.Collect$$libshutdown$$00000000) refers (Special) to libshutdown2.o(.ARM.Collect$$libshutdown$$0000000A) for __rt_lib_shutdown_signal_1
    libshutdown.o(.ARM.Collect$$libshutdown$$00000000) refers (Special) to libshutdown2.o(.ARM.Collect$$libshutdown$$00000004) for __rt_lib_shutdown_stdio_1
    libshutdown.o(.ARM.Collect$$libshutdown$$00000000) refers (Special) to libshutdown2.o(.ARM.Collect$$libshutdown$$0000000C) for __rt_lib_shutdown_user_alloc_1
    sys_command.o(.text) refers (Special) to use_no_semi.o(.text) for __I$use$semihosting
    sys_command.o(.text) refers (Special) to indicate_semi.o(.text) for __semihosting_library_function
    defsig_rtmem_outer.o(.text) refers to defsig_rtmem_inner.o(.text) for __rt_SIGRTMEM_inner
    defsig_rtmem_outer.o(.text) refers to defsig_exit.o(.text) for __sig_exit
    defsig_rtmem_formal.o(.text) refers to rt_raise.o(.text) for __rt_raise
    rt_raise.o(.text) refers to __raise.o(.text) for __raise
    rt_raise.o(.text) refers to sys_exit.o(.text) for _sys_exit
    defsig_exit.o(.text) refers to sys_exit.o(.text) for _sys_exit
    defsig_rtmem_inner.o(.text) refers to defsig_general.o(.text) for __default_signal_display
    __raise.o(.text) refers to defsig.o(CL$$defsig) for __default_signal_handler
    defsig_general.o(.text) refers to sys_wrch.o(.text) for _ttywrch
    sys_wrch.o(.text) refers (Special) to use_no_semi.o(.text) for __I$use$semihosting
    sys_wrch.o(.text) refers (Special) to indicate_semi.o(.text) for __semihosting_library_function
    defsig.o(CL$$defsig) refers to defsig_rtmem_inner.o(.text) for __rt_SIGRTMEM_inner
    defsig_abrt_inner.o(.text) refers to defsig_general.o(.text) for __default_signal_display
    defsig_fpe_inner.o(.text) refers to defsig_general.o(.text) for __default_signal_display
    defsig_rtred_inner.o(.text) refers to defsig_general.o(.text) for __default_signal_display
    defsig_stak_inner.o(.text) refers to defsig_general.o(.text) for __default_signal_display
    defsig_pvfn_inner.o(.text) refers to defsig_general.o(.text) for __default_signal_display
    defsig_cppl_inner.o(.text) refers to defsig_general.o(.text) for __default_signal_display
    defsig_segv_inner.o(.text) refers to defsig_general.o(.text) for __default_signal_display
    defsig_other.o(.text) refers to defsig_general.o(.text) for __default_signal_display


==============================================================================

Removing Unused input sections from the image.

    Removing dev_keypad.o(i.dev_keypad_get_key), (20 bytes).
    Removing dev_usart.o(i.dev_usart_clear_buf), (24 bytes).
    Removing stm32f10x_gpio.o(i.GPIO_AFIODeInit), (20 bytes).
    Removing stm32f10x_gpio.o(i.GPIO_DeInit), (200 bytes).
    Removing stm32f10x_gpio.o(i.GPIO_ETH_MediaInterfaceConfig), (12 bytes).
    Removing stm32f10x_gpio.o(i.GPIO_EXTILineConfig), (64 bytes).
    Removing stm32f10x_gpio.o(i.GPIO_EventOutputCmd), (12 bytes).
    Removing stm32f10x_gpio.o(i.GPIO_EventOutputConfig), (32 bytes).
    Removing stm32f10x_gpio.o(i.GPIO_PinLockConfig), (18 bytes).
    Removing stm32f10x_gpio.o(i.GPIO_PinRemapConfig), (144 bytes).
    Removing stm32f10x_gpio.o(i.GPIO_ReadInputData), (8 bytes).
    Removing stm32f10x_gpio.o(i.GPIO_ReadOutputData), (8 bytes).
    Removing stm32f10x_gpio.o(i.GPIO_ReadOutputDataBit), (18 bytes).
    Removing stm32f10x_gpio.o(i.GPIO_StructInit), (16 bytes).
    Removing stm32f10x_gpio.o(i.GPIO_Write), (4 bytes).
    Removing stm32f10x_gpio.o(i.GPIO_WriteBit), (10 bytes).
    Removing stm32f10x_rcc.o(i.RCC_ADCCLKConfig), (24 bytes).
    Removing stm32f10x_rcc.o(i.RCC_AHBPeriphClockCmd), (32 bytes).
    Removing stm32f10x_rcc.o(i.RCC_APB1PeriphResetCmd), (32 bytes).
    Removing stm32f10x_rcc.o(i.RCC_APB2PeriphResetCmd), (32 bytes).
    Removing stm32f10x_rcc.o(i.RCC_AdjustHSICalibrationValue), (24 bytes).
    Removing stm32f10x_rcc.o(i.RCC_BackupResetCmd), (12 bytes).
    Removing stm32f10x_rcc.o(i.RCC_ClearFlag), (20 bytes).
    Removing stm32f10x_rcc.o(i.RCC_ClearITPendingBit), (12 bytes).
    Removing stm32f10x_rcc.o(i.RCC_ClockSecuritySystemCmd), (12 bytes).
    Removing stm32f10x_rcc.o(i.RCC_DeInit), (76 bytes).
    Removing stm32f10x_rcc.o(i.RCC_GetFlagStatus), (60 bytes).
    Removing stm32f10x_rcc.o(i.RCC_GetITStatus), (24 bytes).
    Removing stm32f10x_rcc.o(i.RCC_GetSYSCLKSource), (16 bytes).
    Removing stm32f10x_rcc.o(i.RCC_HCLKConfig), (24 bytes).
    Removing stm32f10x_rcc.o(i.RCC_HSEConfig), (76 bytes).
    Removing stm32f10x_rcc.o(i.RCC_HSICmd), (12 bytes).
    Removing stm32f10x_rcc.o(i.RCC_ITConfig), (32 bytes).
    Removing stm32f10x_rcc.o(i.RCC_LSEConfig), (52 bytes).
    Removing stm32f10x_rcc.o(i.RCC_LSICmd), (12 bytes).
    Removing stm32f10x_rcc.o(i.RCC_MCOConfig), (12 bytes).
    Removing stm32f10x_rcc.o(i.RCC_PCLK1Config), (24 bytes).
    Removing stm32f10x_rcc.o(i.RCC_PCLK2Config), (24 bytes).
    Removing stm32f10x_rcc.o(i.RCC_PLLCmd), (12 bytes).
    Removing stm32f10x_rcc.o(i.RCC_PLLConfig), (28 bytes).
    Removing stm32f10x_rcc.o(i.RCC_RTCCLKCmd), (12 bytes).
    Removing stm32f10x_rcc.o(i.RCC_RTCCLKConfig), (16 bytes).
    Removing stm32f10x_rcc.o(i.RCC_SYSCLKConfig), (24 bytes).
    Removing stm32f10x_rcc.o(i.RCC_USBCLKConfig), (12 bytes).
    Removing stm32f10x_rcc.o(i.RCC_WaitForHSEStartUp), (56 bytes).
    Removing stm32f10x_i2c.o(i.I2C_ARPCmd), (24 bytes).
    Removing stm32f10x_i2c.o(i.I2C_AcknowledgeConfig), (24 bytes).
    Removing stm32f10x_i2c.o(i.I2C_CalculatePEC), (24 bytes).
    Removing stm32f10x_i2c.o(i.I2C_ClearFlag), (12 bytes).
    Removing stm32f10x_i2c.o(i.I2C_ClearITPendingBit), (12 bytes).
    Removing stm32f10x_i2c.o(i.I2C_DMACmd), (24 bytes).
    Removing stm32f10x_i2c.o(i.I2C_DMALastTransferCmd), (24 bytes).
    Removing stm32f10x_i2c.o(i.I2C_DeInit), (56 bytes).
    Removing stm32f10x_i2c.o(i.I2C_DualAddressCmd), (24 bytes).
    Removing stm32f10x_i2c.o(i.I2C_FastModeDutyCycleConfig), (28 bytes).
    Removing stm32f10x_i2c.o(i.I2C_GeneralCallCmd), (24 bytes).
    Removing stm32f10x_i2c.o(i.I2C_GetFlagStatus), (58 bytes).
    Removing stm32f10x_i2c.o(i.I2C_GetITStatus), (38 bytes).
    Removing stm32f10x_i2c.o(i.I2C_GetLastEvent), (26 bytes).
    Removing stm32f10x_i2c.o(i.I2C_GetPEC), (8 bytes).
    Removing stm32f10x_i2c.o(i.I2C_ITConfig), (18 bytes).
    Removing stm32f10x_i2c.o(i.I2C_NACKPositionConfig), (28 bytes).
    Removing stm32f10x_i2c.o(i.I2C_OwnAddress2Config), (22 bytes).
    Removing stm32f10x_i2c.o(i.I2C_PECPositionConfig), (28 bytes).
    Removing stm32f10x_i2c.o(i.I2C_ReadRegister), (22 bytes).
    Removing stm32f10x_i2c.o(i.I2C_ReceiveData), (8 bytes).
    Removing stm32f10x_i2c.o(i.I2C_SMBusAlertConfig), (28 bytes).
    Removing stm32f10x_i2c.o(i.I2C_SoftwareResetCmd), (22 bytes).
    Removing stm32f10x_i2c.o(i.I2C_StretchClockCmd), (24 bytes).
    Removing stm32f10x_i2c.o(i.I2C_StructInit), (30 bytes).
    Removing stm32f10x_i2c.o(i.I2C_TransmitPEC), (24 bytes).
    Removing stm32f10x_usart.o(i.USART_ClearITPendingBit), (30 bytes).
    Removing stm32f10x_usart.o(i.USART_ClockInit), (34 bytes).
    Removing stm32f10x_usart.o(i.USART_ClockStructInit), (12 bytes).
    Removing stm32f10x_usart.o(i.USART_DMACmd), (18 bytes).
    Removing stm32f10x_usart.o(i.USART_DeInit), (156 bytes).
    Removing stm32f10x_usart.o(i.USART_HalfDuplexCmd), (24 bytes).
    Removing stm32f10x_usart.o(i.USART_IrDACmd), (24 bytes).
    Removing stm32f10x_usart.o(i.USART_IrDAConfig), (18 bytes).
    Removing stm32f10x_usart.o(i.USART_LINBreakDetectLengthConfig), (18 bytes).
    Removing stm32f10x_usart.o(i.USART_LINCmd), (24 bytes).
    Removing stm32f10x_usart.o(i.USART_OneBitMethodCmd), (24 bytes).
    Removing stm32f10x_usart.o(i.USART_OverSampling8Cmd), (22 bytes).
    Removing stm32f10x_usart.o(i.USART_ReceiverWakeUpCmd), (24 bytes).
    Removing stm32f10x_usart.o(i.USART_SendBreak), (10 bytes).
    Removing stm32f10x_usart.o(i.USART_SetAddress), (18 bytes).
    Removing stm32f10x_usart.o(i.USART_SetGuardTime), (16 bytes).
    Removing stm32f10x_usart.o(i.USART_SetPrescaler), (16 bytes).
    Removing stm32f10x_usart.o(i.USART_SmartCardCmd), (24 bytes).
    Removing stm32f10x_usart.o(i.USART_SmartCardNACKCmd), (24 bytes).
    Removing stm32f10x_usart.o(i.USART_StructInit), (24 bytes).
    Removing stm32f10x_usart.o(i.USART_WakeUpConfig), (18 bytes).
    Removing misc.o(i.NVIC_PriorityGroupConfig), (20 bytes).
    Removing misc.o(i.NVIC_SetVectorTable), (20 bytes).
    Removing misc.o(i.NVIC_SystemLPConfig), (32 bytes).
    Removing misc.o(i.SysTick_CLKSourceConfig), (40 bytes).

96 unused section(s) (total 2764 bytes) removed from the image.

==============================================================================

Image Symbol Table

    Local Symbols

    Symbol Name                              Value     Ov Type        Size  Object(Section)

    ../clib/angel/boardlib.s                 0x00000000   Number         0  boardinit2.o ABSOLUTE
    ../clib/angel/boardlib.s                 0x00000000   Number         0  boardshut.o ABSOLUTE
    ../clib/angel/boardlib.s                 0x00000000   Number         0  boardinit3.o ABSOLUTE
    ../clib/angel/boardlib.s                 0x00000000   Number         0  boardinit1.o ABSOLUTE
    ../clib/angel/handlers.s                 0x00000000   Number         0  __scatter_copy.o ABSOLUTE
    ../clib/angel/handlers.s                 0x00000000   Number         0  __scatter_zi.o ABSOLUTE
    ../clib/angel/kernel.s                   0x00000000   Number         0  rtexit.o ABSOLUTE
    ../clib/angel/kernel.s                   0x00000000   Number         0  __rtentry4.o ABSOLUTE
    ../clib/angel/kernel.s                   0x00000000   Number         0  __rtentry.o ABSOLUTE
    ../clib/angel/kernel.s                   0x00000000   Number         0  rtexit2.o ABSOLUTE
    ../clib/angel/kernel.s                   0x00000000   Number         0  __rtentry2.o ABSOLUTE
    ../clib/angel/rt.s                       0x00000000   Number         0  rt_raise.o ABSOLUTE
    ../clib/angel/scatter.s                  0x00000000   Number         0  __scatter.o ABSOLUTE
    ../clib/angel/startup.s                  0x00000000   Number         0  __main.o ABSOLUTE
    ../clib/angel/sys.s                      0x00000000   Number         0  sys_stackheap_outer.o ABSOLUTE
    ../clib/angel/sys.s                      0x00000000   Number         0  indicate_semi.o ABSOLUTE
    ../clib/angel/sys.s                      0x00000000   Number         0  use_no_semi.o ABSOLUTE
    ../clib/angel/sys.s                      0x00000000   Number         0  libspace.o ABSOLUTE
    ../clib/angel/sysapp.c                   0x00000000   Number         0  sys_wrch.o ABSOLUTE
    ../clib/angel/sysapp.c                   0x00000000   Number         0  sys_command.o ABSOLUTE
    ../clib/angel/sysapp.c                   0x00000000   Number         0  sys_exit.o ABSOLUTE
    ../clib/armsys.c                         0x00000000   Number         0  no_argv.o ABSOLUTE
    ../clib/armsys.c                         0x00000000   Number         0  _get_argv_nomalloc.o ABSOLUTE
    ../clib/armsys.c                         0x00000000   Number         0  argv_veneer.o ABSOLUTE
    ../clib/armsys.c                         0x00000000   Number         0  argv_veneer.o ABSOLUTE
    ../clib/heapalloc.c                      0x00000000   Number         0  hrguard.o ABSOLUTE
    ../clib/heapaux.c                        0x00000000   Number         0  heapauxi.o ABSOLUTE
    ../clib/libinit.s                        0x00000000   Number         0  libinit2.o ABSOLUTE
    ../clib/libinit.s                        0x00000000   Number         0  libshutdown.o ABSOLUTE
    ../clib/libinit.s                        0x00000000   Number         0  libinit.o ABSOLUTE
    ../clib/libinit.s                        0x00000000   Number         0  libshutdown2.o ABSOLUTE
    ../clib/signal.c                         0x00000000   Number         0  defsig_cppl_inner.o ABSOLUTE
    ../clib/signal.c                         0x00000000   Number         0  defsig_other.o ABSOLUTE
    ../clib/signal.c                         0x00000000   Number         0  defsig_segv_inner.o ABSOLUTE
    ../clib/signal.c                         0x00000000   Number         0  defsig_pvfn_inner.o ABSOLUTE
    ../clib/signal.c                         0x00000000   Number         0  defsig_stak_inner.o ABSOLUTE
    ../clib/signal.c                         0x00000000   Number         0  defsig_rtred_inner.o ABSOLUTE
    ../clib/signal.c                         0x00000000   Number         0  defsig_fpe_inner.o ABSOLUTE
    ../clib/signal.c                         0x00000000   Number         0  defsig_abrt_inner.o ABSOLUTE
    ../clib/signal.c                         0x00000000   Number         0  defsig_general.o ABSOLUTE
    ../clib/signal.c                         0x00000000   Number         0  __raise.o ABSOLUTE
    ../clib/signal.c                         0x00000000   Number         0  defsig_rtmem_inner.o ABSOLUTE
    ../clib/signal.c                         0x00000000   Number         0  defsig_exit.o ABSOLUTE
    ../clib/signal.c                         0x00000000   Number         0  defsig_rtmem_outer.o ABSOLUTE
    ../clib/signal.c                         0x00000000   Number         0  defsig_rtmem_formal.o ABSOLUTE
    ../clib/signal.s                         0x00000000   Number         0  defsig.o ABSOLUTE
    ../clib/stdlib.c                         0x00000000   Number         0  exit.o ABSOLUTE
    ../fplib/fpinit.s                        0x00000000   Number         0  fpinit.o ABSOLUTE
    ..\dev\src\dev_delay.c                   0x00000000   Number         0  dev_delay.o ABSOLUTE
    ..\dev\src\dev_keypad.c                  0x00000000   Number         0  dev_keypad.o ABSOLUTE
    ..\dev\src\dev_lcd_i2c.c                 0x00000000   Number         0  dev_lcd_i2c.o ABSOLUTE
    ..\dev\src\dev_usart.c                   0x00000000   Number         0  dev_usart.o ABSOLUTE
    ..\dev\src\dev_utilities.c               0x00000000   Number         0  dev_utilities.o ABSOLUTE
    ..\lib\STM32F10x_StdPeriph_Driver\src\misc.c 0x00000000   Number         0  misc.o ABSOLUTE
    ..\lib\STM32F10x_StdPeriph_Driver\src\stm32f10x_gpio.c 0x00000000   Number         0  stm32f10x_gpio.o ABSOLUTE
    ..\lib\STM32F10x_StdPeriph_Driver\src\stm32f10x_i2c.c 0x00000000   Number         0  stm32f10x_i2c.o ABSOLUTE
    ..\lib\STM32F10x_StdPeriph_Driver\src\stm32f10x_rcc.c 0x00000000   Number         0  stm32f10x_rcc.o ABSOLUTE
    ..\lib\STM32F10x_StdPeriph_Driver\src\stm32f10x_usart.c 0x00000000   Number         0  stm32f10x_usart.o ABSOLUTE
    RTE\Device\STM32F103C8\startup_stm32f10x_md.s 0x00000000   Number         0  startup_stm32f10x_md.o ABSOLUTE
    RTE\Device\STM32F103C8\system_stm32f10x.c 0x00000000   Number         0  system_stm32f10x.o ABSOLUTE
    dc.s                                     0x00000000   Number         0  dc.o ABSOLUTE
    main.c                                   0x00000000   Number         0  main.o ABSOLUTE
    stm32f10x_it.c                           0x00000000   Number         0  stm32f10x_it.o ABSOLUTE
    RESET                                    0x08000000   Section      236  startup_stm32f10x_md.o(RESET)
    !!!main                                  0x080000ec   Section        8  __main.o(!!!main)
    !!!scatter                               0x080000f4   Section       52  __scatter.o(!!!scatter)
    !!handler_copy                           0x08000128   Section       26  __scatter_copy.o(!!handler_copy)
    !!handler_zi                             0x08000144   Section       28  __scatter_zi.o(!!handler_zi)
    .ARM.Collect$$libinit$$00000000          0x08000160   Section        2  libinit.o(.ARM.Collect$$libinit$$00000000)
    .ARM.Collect$$libinit$$00000002          0x08000162   Section        0  libinit2.o(.ARM.Collect$$libinit$$00000002)
    .ARM.Collect$$libinit$$00000004          0x08000162   Section        0  libinit2.o(.ARM.Collect$$libinit$$00000004)
    .ARM.Collect$$libinit$$0000000A          0x08000162   Section        0  libinit2.o(.ARM.Collect$$libinit$$0000000A)
    .ARM.Collect$$libinit$$0000000C          0x08000162   Section        0  libinit2.o(.ARM.Collect$$libinit$$0000000C)
    .ARM.Collect$$libinit$$0000000E          0x08000162   Section        0  libinit2.o(.ARM.Collect$$libinit$$0000000E)
    .ARM.Collect$$libinit$$00000011          0x08000162   Section        0  libinit2.o(.ARM.Collect$$libinit$$00000011)
    .ARM.Collect$$libinit$$00000013          0x08000162   Section        0  libinit2.o(.ARM.Collect$$libinit$$00000013)
    .ARM.Collect$$libinit$$00000015          0x08000162   Section        0  libinit2.o(.ARM.Collect$$libinit$$00000015)
    .ARM.Collect$$libinit$$00000017          0x08000162   Section        0  libinit2.o(.ARM.Collect$$libinit$$00000017)
    .ARM.Collect$$libinit$$00000019          0x08000162   Section        0  libinit2.o(.ARM.Collect$$libinit$$00000019)
    .ARM.Collect$$libinit$$0000001B          0x08000162   Section        0  libinit2.o(.ARM.Collect$$libinit$$0000001B)
    .ARM.Collect$$libinit$$0000001D          0x08000162   Section        0  libinit2.o(.ARM.Collect$$libinit$$0000001D)
    .ARM.Collect$$libinit$$0000001F          0x08000162   Section        0  libinit2.o(.ARM.Collect$$libinit$$0000001F)
    .ARM.Collect$$libinit$$00000021          0x08000162   Section        0  libinit2.o(.ARM.Collect$$libinit$$00000021)
    .ARM.Collect$$libinit$$00000023          0x08000162   Section        0  libinit2.o(.ARM.Collect$$libinit$$00000023)
    .ARM.Collect$$libinit$$00000025          0x08000162   Section        0  libinit2.o(.ARM.Collect$$libinit$$00000025)
    .ARM.Collect$$libinit$$0000002C          0x08000162   Section        0  libinit2.o(.ARM.Collect$$libinit$$0000002C)
    .ARM.Collect$$libinit$$0000002E          0x08000162   Section        0  libinit2.o(.ARM.Collect$$libinit$$0000002E)
    .ARM.Collect$$libinit$$00000030          0x08000162   Section        0  libinit2.o(.ARM.Collect$$libinit$$00000030)
    .ARM.Collect$$libinit$$00000032          0x08000162   Section        0  libinit2.o(.ARM.Collect$$libinit$$00000032)
    .ARM.Collect$$libinit$$00000033          0x08000162   Section        2  libinit2.o(.ARM.Collect$$libinit$$00000033)
    .ARM.Collect$$libshutdown$$00000000      0x08000164   Section        2  libshutdown.o(.ARM.Collect$$libshutdown$$00000000)
    .ARM.Collect$$libshutdown$$00000002      0x08000166   Section        0  libshutdown2.o(.ARM.Collect$$libshutdown$$00000002)
    .ARM.Collect$$libshutdown$$00000004      0x08000166   Section        0  libshutdown2.o(.ARM.Collect$$libshutdown$$00000004)
    .ARM.Collect$$libshutdown$$00000007      0x08000166   Section        0  libshutdown2.o(.ARM.Collect$$libshutdown$$00000007)
    .ARM.Collect$$libshutdown$$0000000A      0x08000166   Section        0  libshutdown2.o(.ARM.Collect$$libshutdown$$0000000A)
    .ARM.Collect$$libshutdown$$0000000C      0x08000166   Section        0  libshutdown2.o(.ARM.Collect$$libshutdown$$0000000C)
    .ARM.Collect$$libshutdown$$0000000F      0x08000166   Section        0  libshutdown2.o(.ARM.Collect$$libshutdown$$0000000F)
    .ARM.Collect$$libshutdown$$00000010      0x08000166   Section        2  libshutdown2.o(.ARM.Collect$$libshutdown$$00000010)
    .ARM.Collect$$rtentry$$00000000          0x08000168   Section        0  __rtentry.o(.ARM.Collect$$rtentry$$00000000)
    .ARM.Collect$$rtentry$$00000002          0x08000168   Section        0  __rtentry2.o(.ARM.Collect$$rtentry$$00000002)
    .ARM.Collect$$rtentry$$00000004          0x08000168   Section        6  __rtentry4.o(.ARM.Collect$$rtentry$$00000004)
    .ARM.Collect$$rtentry$$00000009          0x0800016e   Section        0  __rtentry2.o(.ARM.Collect$$rtentry$$00000009)
    .ARM.Collect$$rtentry$$0000000A          0x0800016e   Section        4  __rtentry2.o(.ARM.Collect$$rtentry$$0000000A)
    .ARM.Collect$$rtentry$$0000000C          0x08000172   Section        0  __rtentry2.o(.ARM.Collect$$rtentry$$0000000C)
    .ARM.Collect$$rtentry$$0000000D          0x08000172   Section        8  __rtentry2.o(.ARM.Collect$$rtentry$$0000000D)
    .ARM.Collect$$rtexit$$00000000           0x0800017a   Section        2  rtexit.o(.ARM.Collect$$rtexit$$00000000)
    .ARM.Collect$$rtexit$$00000002           0x0800017c   Section        0  rtexit2.o(.ARM.Collect$$rtexit$$00000002)
    .ARM.Collect$$rtexit$$00000003           0x0800017c   Section        4  rtexit2.o(.ARM.Collect$$rtexit$$00000003)
    .ARM.Collect$$rtexit$$00000004           0x08000180   Section        6  rtexit2.o(.ARM.Collect$$rtexit$$00000004)
    .text                                    0x08000188   Section       64  startup_stm32f10x_md.o(.text)
    .text                                    0x080001c8   Section        0  heapauxi.o(.text)
    .text                                    0x080001ce   Section       74  sys_stackheap_outer.o(.text)
    .text                                    0x08000218   Section        0  exit.o(.text)
    .text                                    0x0800022c   Section        8  libspace.o(.text)
    .text                                    0x08000234   Section        0  sys_exit.o(.text)
    .text                                    0x08000240   Section        2  use_no_semi.o(.text)
    .text                                    0x08000242   Section        0  indicate_semi.o(.text)
    i.BusFault_Handler                       0x08000242   Section        0  stm32f10x_it.o(i.BusFault_Handler)
    i.DebugMon_Handler                       0x08000246   Section        0  stm32f10x_it.o(i.DebugMon_Handler)
    i.GPIO_Init                              0x08000248   Section        0  stm32f10x_gpio.o(i.GPIO_Init)
    i.GPIO_ReadInputDataBit                  0x0800035e   Section        0  stm32f10x_gpio.o(i.GPIO_ReadInputDataBit)
    i.GPIO_ResetBits                         0x08000370   Section        0  stm32f10x_gpio.o(i.GPIO_ResetBits)
    i.GPIO_SetBits                           0x08000374   Section        0  stm32f10x_gpio.o(i.GPIO_SetBits)
    i.HardFault_Handler                      0x08000378   Section        0  stm32f10x_it.o(i.HardFault_Handler)
    i.I2C_CheckEvent                         0x0800037c   Section        0  stm32f10x_i2c.o(i.I2C_CheckEvent)
    i.I2C_Cmd                                0x080003a6   Section        0  stm32f10x_i2c.o(i.I2C_Cmd)
    i.I2C_GenerateSTART                      0x080003be   Section        0  stm32f10x_i2c.o(i.I2C_GenerateSTART)
    i.I2C_GenerateSTOP                       0x080003d6   Section        0  stm32f10x_i2c.o(i.I2C_GenerateSTOP)
    i.I2C_Init                               0x080003f0   Section        0  stm32f10x_i2c.o(i.I2C_Init)
    i.I2C_Send7bitAddress                    0x080004dc   Section        0  stm32f10x_i2c.o(i.I2C_Send7bitAddress)
    i.I2C_SendData                           0x080004ee   Section        0  stm32f10x_i2c.o(i.I2C_SendData)
    i.MemManage_Handler                      0x080004f2   Section        0  stm32f10x_it.o(i.MemManage_Handler)
    i.NMI_Handler                            0x080004f6   Section        0  stm32f10x_it.o(i.NMI_Handler)
    i.NVIC_Init                              0x080004f8   Section        0  misc.o(i.NVIC_Init)
    i.PendSV_Handler                         0x08000568   Section        0  stm32f10x_it.o(i.PendSV_Handler)
    i.RCC_APB1PeriphClockCmd                 0x0800056c   Section        0  stm32f10x_rcc.o(i.RCC_APB1PeriphClockCmd)
    i.RCC_APB2PeriphClockCmd                 0x0800058c   Section        0  stm32f10x_rcc.o(i.RCC_APB2PeriphClockCmd)
    i.RCC_GetClocksFreq                      0x080005ac   Section        0  stm32f10x_rcc.o(i.RCC_GetClocksFreq)
    i.SVC_Handler                            0x08000680   Section        0  stm32f10x_it.o(i.SVC_Handler)
    i.SetSysClock                            0x08000682   Section        0  system_stm32f10x.o(i.SetSysClock)
    SetSysClock                              0x08000683   Thumb Code     8  system_stm32f10x.o(i.SetSysClock)
    i.SetSysClockTo72                        0x0800068c   Section        0  system_stm32f10x.o(i.SetSysClockTo72)
    SetSysClockTo72                          0x0800068d   Thumb Code   214  system_stm32f10x.o(i.SetSysClockTo72)
    i.SysTick_Handler                        0x0800076c   Section        0  dev_delay.o(i.SysTick_Handler)
    i.SystemCoreClockUpdate                  0x08000784   Section        0  system_stm32f10x.o(i.SystemCoreClockUpdate)
    i.SystemInit                             0x08000828   Section        0  system_stm32f10x.o(i.SystemInit)
    i.USART2_IRQHandler                      0x08000888   Section        0  stm32f10x_it.o(i.USART2_IRQHandler)
    i.USART3_IRQHandler                      0x0800098c   Section        0  stm32f10x_it.o(i.USART3_IRQHandler)
    i.USART_ClearFlag                        0x080009d4   Section        0  stm32f10x_usart.o(i.USART_ClearFlag)
    i.USART_Cmd                              0x080009e6   Section        0  stm32f10x_usart.o(i.USART_Cmd)
    i.USART_GetFlagStatus                    0x080009fe   Section        0  stm32f10x_usart.o(i.USART_GetFlagStatus)
    i.USART_GetITStatus                      0x08000a18   Section        0  stm32f10x_usart.o(i.USART_GetITStatus)
    i.USART_ITConfig                         0x08000a6c   Section        0  stm32f10x_usart.o(i.USART_ITConfig)
    i.USART_Init                             0x08000ab8   Section        0  stm32f10x_usart.o(i.USART_Init)
    i.USART_ReceiveData                      0x08000b90   Section        0  stm32f10x_usart.o(i.USART_ReceiveData)
    i.USART_SendData                         0x08000b9a   Section        0  stm32f10x_usart.o(i.USART_SendData)
    i.UsageFault_Handler                     0x08000ba2   Section        0  stm32f10x_it.o(i.UsageFault_Handler)
    i.dev_delay_init                         0x08000ba8   Section        0  dev_delay.o(i.dev_delay_init)
    i.dev_delay_ms                           0x08000c10   Section        0  dev_delay.o(i.dev_delay_ms)
    i.dev_delay_us                           0x08000c28   Section        0  dev_delay.o(i.dev_delay_us)
    i.dev_keypad_init                        0x08000c3c   Section        0  dev_keypad.o(i.dev_keypad_init)
    i.dev_keypad_respond                     0x08000c88   Section        0  dev_keypad.o(i.dev_keypad_respond)
    i.dev_lcd_clear                          0x08000f44   Section        0  dev_lcd_i2c.o(i.dev_lcd_clear)
    i.dev_lcd_goto_xy                        0x08000f54   Section        0  dev_lcd_i2c.o(i.dev_lcd_goto_xy)
    i.dev_lcd_i2c_config                     0x08000f78   Section        0  dev_lcd_i2c.o(i.dev_lcd_i2c_config)
    i.dev_lcd_init                           0x08000fe0   Section        0  dev_lcd_i2c.o(i.dev_lcd_init)
    i.dev_lcd_off_backlight                  0x0800103a   Section        0  dev_lcd_i2c.o(i.dev_lcd_off_backlight)
    i.dev_lcd_on_backlight                   0x0800107a   Section        0  dev_lcd_i2c.o(i.dev_lcd_on_backlight)
    i.dev_lcd_send_byte                      0x080010c4   Section        0  dev_lcd_i2c.o(i.dev_lcd_send_byte)
    i.dev_lcd_send_char                      0x08001124   Section        0  dev_lcd_i2c.o(i.dev_lcd_send_char)
    i.dev_lcd_send_cmd                       0x08001130   Section        0  dev_lcd_i2c.o(i.dev_lcd_send_cmd)
    i.dev_lcd_send_data                      0x08001176   Section        0  dev_lcd_i2c.o(i.dev_lcd_send_data)
    i.dev_lcd_send_string                    0x080011bc   Section        0  dev_lcd_i2c.o(i.dev_lcd_send_string)
    i.dev_usart_send_char                    0x080011d2   Section        0  dev_usart.o(i.dev_usart_send_char)
    i.dev_usart_send_string                  0x080011f0   Section        0  dev_usart.o(i.dev_usart_send_string)
    i.dev_usart_usart2_init                  0x0800120c   Section        0  dev_usart.o(i.dev_usart_usart2_init)
    i.dev_usart_usart3_init                  0x080012a8   Section        0  dev_usart.o(i.dev_usart_usart3_init)
    i.dev_uti_blink                          0x08001348   Section        0  dev_utilities.o(i.dev_uti_blink)
    i.dev_uti_blink_init                     0x08001370   Section        0  dev_utilities.o(i.dev_uti_blink_init)
    i.dev_uti_make_confirmation              0x0800139c   Section        0  dev_utilities.o(i.dev_uti_make_confirmation)
    i.dev_uti_prompt_to_insert               0x080013e0   Section        0  dev_utilities.o(i.dev_uti_prompt_to_insert)
    i.dev_uti_reset_string                   0x08001408   Section        0  dev_utilities.o(i.dev_uti_reset_string)
    i.dev_uti_send_to_esp                    0x0800141c   Section        0  dev_utilities.o(i.dev_uti_send_to_esp)
    i.dev_uti_show_electric_water            0x080014c8   Section        0  dev_utilities.o(i.dev_uti_show_electric_water)
    i.dev_uti_show_insertions                0x08001508   Section        0  dev_utilities.o(i.dev_uti_show_insertions)
    i.dev_uti_show_month                     0x08001564   Section        0  dev_utilities.o(i.dev_uti_show_month)
    i.dev_uti_string_copy                    0x08001584   Section        0  dev_utilities.o(i.dev_uti_string_copy)
    i.main                                   0x080015a0   Section        0  main.o(i.main)
    .data                                    0x20000000   Section       11  main.o(.data)
    .data                                    0x2000000b   Section        4  stm32f10x_it.o(.data)
    .data                                    0x20000010   Section        4  dev_delay.o(.data)
    usTicks                                  0x20000010   Data           4  dev_delay.o(.data)
    .data                                    0x20000014   Section        4  dev_usart.o(.data)
    .data                                    0x20000018   Section       20  stm32f10x_rcc.o(.data)
    APBAHBPrescTable                         0x20000018   Data          16  stm32f10x_rcc.o(.data)
    ADCPrescTable                            0x20000028   Data           4  stm32f10x_rcc.o(.data)
    .data                                    0x2000002c   Section       20  system_stm32f10x.o(.data)
    .bss                                     0x20000040   Section      500  main.o(.bss)
    .bss                                     0x20000234   Section       16  dev_lcd_i2c.o(.bss)
    .bss                                     0x20000244   Section       16  dev_usart.o(.bss)
    .bss                                     0x20000254   Section       96  libspace.o(.bss)
    HEAP                                     0x200002b8   Section      512  startup_stm32f10x_md.o(HEAP)
    Heap_Mem                                 0x200002b8   Data         512  startup_stm32f10x_md.o(HEAP)
    STACK                                    0x200004b8   Section     1024  startup_stm32f10x_md.o(STACK)
    Stack_Mem                                0x200004b8   Data        1024  startup_stm32f10x_md.o(STACK)
    __initial_sp                             0x200008b8   Data           0  startup_stm32f10x_md.o(STACK)

    Global Symbols

    Symbol Name                              Value     Ov Type        Size  Object(Section)

    BuildAttributes$$THM_ISAv4$P$D$K$B$S$PE$A:L22UL41UL21$X:L11$S22US41US21$IEEE1$IW$USESV6$~STKCKD$USESV7$~SHL$OSPACE$ROPI$EBA8$UX$STANDARDLIB$REQ8$PRES8$EABIv2 0x00000000   Number         0  anon$$obj.o ABSOLUTE
    __ARM_use_no_argv                        0x00000000   Number         0  main.o ABSOLUTE
    __ARM_exceptions_init                     - Undefined Weak Reference
    __alloca_initialize                       - Undefined Weak Reference
    __arm_preinit_                            - Undefined Weak Reference
    __cpp_initialize__aeabi_                  - Undefined Weak Reference
    __cxa_finalize                            - Undefined Weak Reference
    __rt_locale                               - Undefined Weak Reference
    __sigvec_lookup                           - Undefined Weak Reference
    _atexit_init                              - Undefined Weak Reference
    _call_atexit_fns                          - Undefined Weak Reference
    _clock_init                               - Undefined Weak Reference
    _fp_trap_init                             - Undefined Weak Reference
    _fp_trap_shutdown                         - Undefined Weak Reference
    _get_lc_collate                           - Undefined Weak Reference
    _get_lc_ctype                             - Undefined Weak Reference
    _get_lc_monetary                          - Undefined Weak Reference
    _get_lc_numeric                           - Undefined Weak Reference
    _get_lc_time                              - Undefined Weak Reference
    _getenv_init                              - Undefined Weak Reference
    _handle_redirection                       - Undefined Weak Reference
    _init_alloc                               - Undefined Weak Reference
    _init_user_alloc                          - Undefined Weak Reference
    _initio                                   - Undefined Weak Reference
    _rand_init                                - Undefined Weak Reference
    _signal_finish                            - Undefined Weak Reference
    _signal_init                              - Undefined Weak Reference
    _terminate_alloc                          - Undefined Weak Reference
    _terminate_user_alloc                     - Undefined Weak Reference
    _terminateio                              - Undefined Weak Reference
    __Vectors_Size                           0x000000ec   Number         0  startup_stm32f10x_md.o ABSOLUTE
    __Vectors                                0x08000000   Data           4  startup_stm32f10x_md.o(RESET)
    __Vectors_End                            0x080000ec   Data           0  startup_stm32f10x_md.o(RESET)
    __main                                   0x080000ed   Thumb Code     8  __main.o(!!!main)
    __scatterload                            0x080000f5   Thumb Code     0  __scatter.o(!!!scatter)
    __scatterload_rt2                        0x080000f5   Thumb Code    44  __scatter.o(!!!scatter)
    __scatterload_rt2_thumb_only             0x080000f5   Thumb Code     0  __scatter.o(!!!scatter)
    __scatterload_null                       0x08000103   Thumb Code     0  __scatter.o(!!!scatter)
    __scatterload_copy                       0x08000129   Thumb Code    26  __scatter_copy.o(!!handler_copy)
    __scatterload_zeroinit                   0x08000145   Thumb Code    28  __scatter_zi.o(!!handler_zi)
    __rt_lib_init                            0x08000161   Thumb Code     0  libinit.o(.ARM.Collect$$libinit$$00000000)
    __rt_lib_init_alloca_1                   0x08000163   Thumb Code     0  libinit2.o(.ARM.Collect$$libinit$$0000002E)
    __rt_lib_init_argv_1                     0x08000163   Thumb Code     0  libinit2.o(.ARM.Collect$$libinit$$0000002C)
    __rt_lib_init_atexit_1                   0x08000163   Thumb Code     0  libinit2.o(.ARM.Collect$$libinit$$0000001B)
    __rt_lib_init_clock_1                    0x08000163   Thumb Code     0  libinit2.o(.ARM.Collect$$libinit$$00000021)
    __rt_lib_init_cpp_1                      0x08000163   Thumb Code     0  libinit2.o(.ARM.Collect$$libinit$$00000032)
    __rt_lib_init_exceptions_1               0x08000163   Thumb Code     0  libinit2.o(.ARM.Collect$$libinit$$00000030)
    __rt_lib_init_fp_1                       0x08000163   Thumb Code     0  libinit2.o(.ARM.Collect$$libinit$$00000002)
    __rt_lib_init_fp_trap_1                  0x08000163   Thumb Code     0  libinit2.o(.ARM.Collect$$libinit$$0000001F)
    __rt_lib_init_getenv_1                   0x08000163   Thumb Code     0  libinit2.o(.ARM.Collect$$libinit$$00000023)
    __rt_lib_init_heap_1                     0x08000163   Thumb Code     0  libinit2.o(.ARM.Collect$$libinit$$0000000A)
    __rt_lib_init_lc_collate_1               0x08000163   Thumb Code     0  libinit2.o(.ARM.Collect$$libinit$$00000011)
    __rt_lib_init_lc_ctype_1                 0x08000163   Thumb Code     0  libinit2.o(.ARM.Collect$$libinit$$00000013)
    __rt_lib_init_lc_monetary_1              0x08000163   Thumb Code     0  libinit2.o(.ARM.Collect$$libinit$$00000015)
    __rt_lib_init_lc_numeric_1               0x08000163   Thumb Code     0  libinit2.o(.ARM.Collect$$libinit$$00000017)
    __rt_lib_init_lc_time_1                  0x08000163   Thumb Code     0  libinit2.o(.ARM.Collect$$libinit$$00000019)
    __rt_lib_init_preinit_1                  0x08000163   Thumb Code     0  libinit2.o(.ARM.Collect$$libinit$$00000004)
    __rt_lib_init_rand_1                     0x08000163   Thumb Code     0  libinit2.o(.ARM.Collect$$libinit$$0000000E)
    __rt_lib_init_return                     0x08000163   Thumb Code     0  libinit2.o(.ARM.Collect$$libinit$$00000033)
    __rt_lib_init_signal_1                   0x08000163   Thumb Code     0  libinit2.o(.ARM.Collect$$libinit$$0000001D)
    __rt_lib_init_stdio_1                    0x08000163   Thumb Code     0  libinit2.o(.ARM.Collect$$libinit$$00000025)
    __rt_lib_init_user_alloc_1               0x08000163   Thumb Code     0  libinit2.o(.ARM.Collect$$libinit$$0000000C)
    __rt_lib_shutdown                        0x08000165   Thumb Code     0  libshutdown.o(.ARM.Collect$$libshutdown$$00000000)
    __rt_lib_shutdown_cpp_1                  0x08000167   Thumb Code     0  libshutdown2.o(.ARM.Collect$$libshutdown$$00000002)
    __rt_lib_shutdown_fp_trap_1              0x08000167   Thumb Code     0  libshutdown2.o(.ARM.Collect$$libshutdown$$00000007)
    __rt_lib_shutdown_heap_1                 0x08000167   Thumb Code     0  libshutdown2.o(.ARM.Collect$$libshutdown$$0000000F)
    __rt_lib_shutdown_return                 0x08000167   Thumb Code     0  libshutdown2.o(.ARM.Collect$$libshutdown$$00000010)
    __rt_lib_shutdown_signal_1               0x08000167   Thumb Code     0  libshutdown2.o(.ARM.Collect$$libshutdown$$0000000A)
    __rt_lib_shutdown_stdio_1                0x08000167   Thumb Code     0  libshutdown2.o(.ARM.Collect$$libshutdown$$00000004)
    __rt_lib_shutdown_user_alloc_1           0x08000167   Thumb Code     0  libshutdown2.o(.ARM.Collect$$libshutdown$$0000000C)
    __rt_entry                               0x08000169   Thumb Code     0  __rtentry.o(.ARM.Collect$$rtentry$$00000000)
    __rt_entry_presh_1                       0x08000169   Thumb Code     0  __rtentry2.o(.ARM.Collect$$rtentry$$00000002)
    __rt_entry_sh                            0x08000169   Thumb Code     0  __rtentry4.o(.ARM.Collect$$rtentry$$00000004)
    __rt_entry_li                            0x0800016f   Thumb Code     0  __rtentry2.o(.ARM.Collect$$rtentry$$0000000A)
    __rt_entry_postsh_1                      0x0800016f   Thumb Code     0  __rtentry2.o(.ARM.Collect$$rtentry$$00000009)
    __rt_entry_main                          0x08000173   Thumb Code     0  __rtentry2.o(.ARM.Collect$$rtentry$$0000000D)
    __rt_entry_postli_1                      0x08000173   Thumb Code     0  __rtentry2.o(.ARM.Collect$$rtentry$$0000000C)
    __rt_exit                                0x0800017b   Thumb Code     0  rtexit.o(.ARM.Collect$$rtexit$$00000000)
    __rt_exit_ls                             0x0800017d   Thumb Code     0  rtexit2.o(.ARM.Collect$$rtexit$$00000003)
    __rt_exit_prels_1                        0x0800017d   Thumb Code     0  rtexit2.o(.ARM.Collect$$rtexit$$00000002)
    __rt_exit_exit                           0x08000181   Thumb Code     0  rtexit2.o(.ARM.Collect$$rtexit$$00000004)
    Reset_Handler                            0x08000189   Thumb Code     8  startup_stm32f10x_md.o(.text)
    ADC1_2_IRQHandler                        0x080001a3   Thumb Code     0  startup_stm32f10x_md.o(.text)
    CAN1_RX1_IRQHandler                      0x080001a3   Thumb Code     0  startup_stm32f10x_md.o(.text)
    CAN1_SCE_IRQHandler                      0x080001a3   Thumb Code     0  startup_stm32f10x_md.o(.text)
    DMA1_Channel1_IRQHandler                 0x080001a3   Thumb Code     0  startup_stm32f10x_md.o(.text)
    DMA1_Channel2_IRQHandler                 0x080001a3   Thumb Code     0  startup_stm32f10x_md.o(.text)
    DMA1_Channel3_IRQHandler                 0x080001a3   Thumb Code     0  startup_stm32f10x_md.o(.text)
    DMA1_Channel4_IRQHandler                 0x080001a3   Thumb Code     0  startup_stm32f10x_md.o(.text)
    DMA1_Channel5_IRQHandler                 0x080001a3   Thumb Code     0  startup_stm32f10x_md.o(.text)
    DMA1_Channel6_IRQHandler                 0x080001a3   Thumb Code     0  startup_stm32f10x_md.o(.text)
    DMA1_Channel7_IRQHandler                 0x080001a3   Thumb Code     0  startup_stm32f10x_md.o(.text)
    EXTI0_IRQHandler                         0x080001a3   Thumb Code     0  startup_stm32f10x_md.o(.text)
    EXTI15_10_IRQHandler                     0x080001a3   Thumb Code     0  startup_stm32f10x_md.o(.text)
    EXTI1_IRQHandler                         0x080001a3   Thumb Code     0  startup_stm32f10x_md.o(.text)
    EXTI2_IRQHandler                         0x080001a3   Thumb Code     0  startup_stm32f10x_md.o(.text)
    EXTI3_IRQHandler                         0x080001a3   Thumb Code     0  startup_stm32f10x_md.o(.text)
    EXTI4_IRQHandler                         0x080001a3   Thumb Code     0  startup_stm32f10x_md.o(.text)
    EXTI9_5_IRQHandler                       0x080001a3   Thumb Code     0  startup_stm32f10x_md.o(.text)
    FLASH_IRQHandler                         0x080001a3   Thumb Code     0  startup_stm32f10x_md.o(.text)
    I2C1_ER_IRQHandler                       0x080001a3   Thumb Code     0  startup_stm32f10x_md.o(.text)
    I2C1_EV_IRQHandler                       0x080001a3   Thumb Code     0  startup_stm32f10x_md.o(.text)
    I2C2_ER_IRQHandler                       0x080001a3   Thumb Code     0  startup_stm32f10x_md.o(.text)
    I2C2_EV_IRQHandler                       0x080001a3   Thumb Code     0  startup_stm32f10x_md.o(.text)
    PVD_IRQHandler                           0x080001a3   Thumb Code     0  startup_stm32f10x_md.o(.text)
    RCC_IRQHandler                           0x080001a3   Thumb Code     0  startup_stm32f10x_md.o(.text)
    RTCAlarm_IRQHandler                      0x080001a3   Thumb Code     0  startup_stm32f10x_md.o(.text)
    RTC_IRQHandler                           0x080001a3   Thumb Code     0  startup_stm32f10x_md.o(.text)
    SPI1_IRQHandler                          0x080001a3   Thumb Code     0  startup_stm32f10x_md.o(.text)
    SPI2_IRQHandler                          0x080001a3   Thumb Code     0  startup_stm32f10x_md.o(.text)
    TAMPER_IRQHandler                        0x080001a3   Thumb Code     0  startup_stm32f10x_md.o(.text)
    TIM1_BRK_IRQHandler                      0x080001a3   Thumb Code     0  startup_stm32f10x_md.o(.text)
    TIM1_CC_IRQHandler                       0x080001a3   Thumb Code     0  startup_stm32f10x_md.o(.text)
    TIM1_TRG_COM_IRQHandler                  0x080001a3   Thumb Code     0  startup_stm32f10x_md.o(.text)
    TIM1_UP_IRQHandler                       0x080001a3   Thumb Code     0  startup_stm32f10x_md.o(.text)
    TIM2_IRQHandler                          0x080001a3   Thumb Code     0  startup_stm32f10x_md.o(.text)
    TIM3_IRQHandler                          0x080001a3   Thumb Code     0  startup_stm32f10x_md.o(.text)
    TIM4_IRQHandler                          0x080001a3   Thumb Code     0  startup_stm32f10x_md.o(.text)
    USART1_IRQHandler                        0x080001a3   Thumb Code     0  startup_stm32f10x_md.o(.text)
    USBWakeUp_IRQHandler                     0x080001a3   Thumb Code     0  startup_stm32f10x_md.o(.text)
    USB_HP_CAN1_TX_IRQHandler                0x080001a3   Thumb Code     0  startup_stm32f10x_md.o(.text)
    USB_LP_CAN1_RX0_IRQHandler               0x080001a3   Thumb Code     0  startup_stm32f10x_md.o(.text)
    WWDG_IRQHandler                          0x080001a3   Thumb Code     0  startup_stm32f10x_md.o(.text)
    __user_initial_stackheap                 0x080001a5   Thumb Code     0  startup_stm32f10x_md.o(.text)
    __use_two_region_memory                  0x080001c9   Thumb Code     2  heapauxi.o(.text)
    __rt_heap_escrow$2region                 0x080001cb   Thumb Code     2  heapauxi.o(.text)
    __rt_heap_expand$2region                 0x080001cd   Thumb Code     2  heapauxi.o(.text)
    __user_setup_stackheap                   0x080001cf   Thumb Code    74  sys_stackheap_outer.o(.text)
    exit                                     0x08000219   Thumb Code    18  exit.o(.text)
    __user_libspace                          0x0800022d   Thumb Code     8  libspace.o(.text)
    __user_perproc_libspace                  0x0800022d   Thumb Code     0  libspace.o(.text)
    __user_perthread_libspace                0x0800022d   Thumb Code     0  libspace.o(.text)
    _sys_exit                                0x08000235   Thumb Code     8  sys_exit.o(.text)
    __I$use$semihosting                      0x08000241   Thumb Code     0  use_no_semi.o(.text)
    __use_no_semihosting_swi                 0x08000241   Thumb Code     2  use_no_semi.o(.text)
    BusFault_Handler                         0x08000243   Thumb Code     4  stm32f10x_it.o(i.BusFault_Handler)
    __semihosting_library_function           0x08000243   Thumb Code     0  indicate_semi.o(.text)
    DebugMon_Handler                         0x08000247   Thumb Code     2  stm32f10x_it.o(i.DebugMon_Handler)
    GPIO_Init                                0x08000249   Thumb Code   278  stm32f10x_gpio.o(i.GPIO_Init)
    GPIO_ReadInputDataBit                    0x0800035f   Thumb Code    18  stm32f10x_gpio.o(i.GPIO_ReadInputDataBit)
    GPIO_ResetBits                           0x08000371   Thumb Code     4  stm32f10x_gpio.o(i.GPIO_ResetBits)
    GPIO_SetBits                             0x08000375   Thumb Code     4  stm32f10x_gpio.o(i.GPIO_SetBits)
    HardFault_Handler                        0x08000379   Thumb Code     4  stm32f10x_it.o(i.HardFault_Handler)
    I2C_CheckEvent                           0x0800037d   Thumb Code    42  stm32f10x_i2c.o(i.I2C_CheckEvent)
    I2C_Cmd                                  0x080003a7   Thumb Code    24  stm32f10x_i2c.o(i.I2C_Cmd)
    I2C_GenerateSTART                        0x080003bf   Thumb Code    24  stm32f10x_i2c.o(i.I2C_GenerateSTART)
    I2C_GenerateSTOP                         0x080003d7   Thumb Code    24  stm32f10x_i2c.o(i.I2C_GenerateSTOP)
    I2C_Init                                 0x080003f1   Thumb Code   222  stm32f10x_i2c.o(i.I2C_Init)
    I2C_Send7bitAddress                      0x080004dd   Thumb Code    18  stm32f10x_i2c.o(i.I2C_Send7bitAddress)
    I2C_SendData                             0x080004ef   Thumb Code     4  stm32f10x_i2c.o(i.I2C_SendData)
    MemManage_Handler                        0x080004f3   Thumb Code     4  stm32f10x_it.o(i.MemManage_Handler)
    NMI_Handler                              0x080004f7   Thumb Code     2  stm32f10x_it.o(i.NMI_Handler)
    NVIC_Init                                0x080004f9   Thumb Code   100  misc.o(i.NVIC_Init)
    PendSV_Handler                           0x08000569   Thumb Code     2  stm32f10x_it.o(i.PendSV_Handler)
    RCC_APB1PeriphClockCmd                   0x0800056d   Thumb Code    26  stm32f10x_rcc.o(i.RCC_APB1PeriphClockCmd)
    RCC_APB2PeriphClockCmd                   0x0800058d   Thumb Code    26  stm32f10x_rcc.o(i.RCC_APB2PeriphClockCmd)
    RCC_GetClocksFreq                        0x080005ad   Thumb Code   192  stm32f10x_rcc.o(i.RCC_GetClocksFreq)
    SVC_Handler                              0x08000681   Thumb Code     2  stm32f10x_it.o(i.SVC_Handler)
    SysTick_Handler                          0x0800076d   Thumb Code    18  dev_delay.o(i.SysTick_Handler)
    SystemCoreClockUpdate                    0x08000785   Thumb Code   142  system_stm32f10x.o(i.SystemCoreClockUpdate)
    SystemInit                               0x08000829   Thumb Code    78  system_stm32f10x.o(i.SystemInit)
    USART2_IRQHandler                        0x08000889   Thumb Code   228  stm32f10x_it.o(i.USART2_IRQHandler)
    USART3_IRQHandler                        0x0800098d   Thumb Code    60  stm32f10x_it.o(i.USART3_IRQHandler)
    USART_ClearFlag                          0x080009d5   Thumb Code    18  stm32f10x_usart.o(i.USART_ClearFlag)
    USART_Cmd                                0x080009e7   Thumb Code    24  stm32f10x_usart.o(i.USART_Cmd)
    USART_GetFlagStatus                      0x080009ff   Thumb Code    26  stm32f10x_usart.o(i.USART_GetFlagStatus)
    USART_GetITStatus                        0x08000a19   Thumb Code    84  stm32f10x_usart.o(i.USART_GetITStatus)
    USART_ITConfig                           0x08000a6d   Thumb Code    74  stm32f10x_usart.o(i.USART_ITConfig)
    USART_Init                               0x08000ab9   Thumb Code   210  stm32f10x_usart.o(i.USART_Init)
    USART_ReceiveData                        0x08000b91   Thumb Code    10  stm32f10x_usart.o(i.USART_ReceiveData)
    USART_SendData                           0x08000b9b   Thumb Code     8  stm32f10x_usart.o(i.USART_SendData)
    UsageFault_Handler                       0x08000ba3   Thumb Code     4  stm32f10x_it.o(i.UsageFault_Handler)
    dev_delay_init                           0x08000ba9   Thumb Code    86  dev_delay.o(i.dev_delay_init)
    dev_delay_ms                             0x08000c11   Thumb Code    24  dev_delay.o(i.dev_delay_ms)
    dev_delay_us                             0x08000c29   Thumb Code    16  dev_delay.o(i.dev_delay_us)
    dev_keypad_init                          0x08000c3d   Thumb Code    64  dev_keypad.o(i.dev_keypad_init)
    dev_keypad_respond                       0x08000c89   Thumb Code   690  dev_keypad.o(i.dev_keypad_respond)
    dev_lcd_clear                            0x08000f45   Thumb Code    16  dev_lcd_i2c.o(i.dev_lcd_clear)
    dev_lcd_goto_xy                          0x08000f55   Thumb Code    36  dev_lcd_i2c.o(i.dev_lcd_goto_xy)
    dev_lcd_i2c_config                       0x08000f79   Thumb Code    82  dev_lcd_i2c.o(i.dev_lcd_i2c_config)
    dev_lcd_init                             0x08000fe1   Thumb Code    90  dev_lcd_i2c.o(i.dev_lcd_init)
    dev_lcd_off_backlight                    0x0800103b   Thumb Code    64  dev_lcd_i2c.o(i.dev_lcd_off_backlight)
    dev_lcd_on_backlight                     0x0800107b   Thumb Code    72  dev_lcd_i2c.o(i.dev_lcd_on_backlight)
    dev_lcd_send_byte                        0x080010c5   Thumb Code    84  dev_lcd_i2c.o(i.dev_lcd_send_byte)
    dev_lcd_send_char                        0x08001125   Thumb Code    12  dev_lcd_i2c.o(i.dev_lcd_send_char)
    dev_lcd_send_cmd                         0x08001131   Thumb Code    70  dev_lcd_i2c.o(i.dev_lcd_send_cmd)
    dev_lcd_send_data                        0x08001177   Thumb Code    70  dev_lcd_i2c.o(i.dev_lcd_send_data)
    dev_lcd_send_string                      0x080011bd   Thumb Code    22  dev_lcd_i2c.o(i.dev_lcd_send_string)
    dev_usart_send_char                      0x080011d3   Thumb Code    30  dev_usart.o(i.dev_usart_send_char)
    dev_usart_send_string                    0x080011f1   Thumb Code    26  dev_usart.o(i.dev_usart_send_string)
    dev_usart_usart2_init                    0x0800120d   Thumb Code   136  dev_usart.o(i.dev_usart_usart2_init)
    dev_usart_usart3_init                    0x080012a9   Thumb Code   140  dev_usart.o(i.dev_usart_usart3_init)
    dev_uti_blink                            0x08001349   Thumb Code    36  dev_utilities.o(i.dev_uti_blink)
    dev_uti_blink_init                       0x08001371   Thumb Code    34  dev_utilities.o(i.dev_uti_blink_init)
    dev_uti_make_confirmation                0x0800139d   Thumb Code    36  dev_utilities.o(i.dev_uti_make_confirmation)
    dev_uti_prompt_to_insert                 0x080013e1   Thumb Code    22  dev_utilities.o(i.dev_uti_prompt_to_insert)
    dev_uti_reset_string                     0x08001409   Thumb Code    20  dev_utilities.o(i.dev_uti_reset_string)
    dev_uti_send_to_esp                      0x0800141d   Thumb Code   118  dev_utilities.o(i.dev_uti_send_to_esp)
    dev_uti_show_electric_water              0x080014c9   Thumb Code    44  dev_utilities.o(i.dev_uti_show_electric_water)
    dev_uti_show_insertions                  0x08001509   Thumb Code    66  dev_utilities.o(i.dev_uti_show_insertions)
    dev_uti_show_month                       0x08001565   Thumb Code    22  dev_utilities.o(i.dev_uti_show_month)
    dev_uti_string_copy                      0x08001585   Thumb Code    28  dev_utilities.o(i.dev_uti_string_copy)
    main                                     0x080015a1   Thumb Code   572  main.o(i.main)
    Region$$Table$$Base                      0x080017fc   Number         0  anon$$obj.o(Region$$Table)
    Region$$Table$$Limit                     0x0800181c   Number         0  anon$$obj.o(Region$$Table)
    GPIO_InitStructure                       0x20000000   Data           4  main.o(.data)
    key                                      0x20000004   Data           1  main.o(.data)
    i_temp                                   0x20000005   Data           1  main.o(.data)
    is_backlight_on                          0x20000006   Data           1  main.o(.data)
    usart_received_string_i                  0x20000007   Data           1  main.o(.data)
    stop                                     0x20000008   Data           1  main.o(.data)
    month_ten_above                          0x20000009   Data           1  main.o(.data)
    mode                                     0x2000000a   Data           1  main.o(.data)
    flagO                                    0x2000000b   Data           1  stm32f10x_it.o(.data)
    flagK                                    0x2000000c   Data           1  stm32f10x_it.o(.data)
    flagR                                    0x2000000d   Data           1  stm32f10x_it.o(.data)
    flag$                                    0x2000000e   Data           1  stm32f10x_it.o(.data)
    NVIC_InitStructure                       0x20000014   Data           4  dev_usart.o(.data)
    SystemCoreClock                          0x2000002c   Data           4  system_stm32f10x.o(.data)
    AHBPrescTable                            0x20000030   Data          16  system_stm32f10x.o(.data)
    usart_received_string                    0x20000040   Data         100  main.o(.bss)
    elec                                     0x200000a4   Data         100  main.o(.bss)
    water                                    0x20000108   Data         100  main.o(.bss)
    temp                                     0x2000016c   Data         100  main.o(.bss)
    room                                     0x200001d0   Data         100  main.o(.bss)
    I2C_InitStructure                        0x20000234   Data          16  dev_lcd_i2c.o(.bss)
    USART_InitStructure                      0x20000244   Data          16  dev_usart.o(.bss)
    __libspace_start                         0x20000254   Data          96  libspace.o(.bss)
    __temporary_stack_top$libspace           0x200002b4   Data           0  libspace.o(.bss)



==============================================================================

Memory Map of the image

  Image Entry point : 0x080000ed

  Load Region LR_IROM1 (Base: 0x08000000, Size: 0x0000185c, Max: 0x00010000, ABSOLUTE)

    Execution Region ER_IROM1 (Exec base: 0x08000000, Load base: 0x08000000, Size: 0x0000181c, Max: 0x00010000, ABSOLUTE)

    Exec Addr    Load Addr    Size         Type   Attr      Idx    E Section Name        Object

    0x08000000   0x08000000   0x000000ec   Data   RO         1174    RESET               startup_stm32f10x_md.o
    0x080000ec   0x080000ec   0x00000008   Code   RO         1218  * !!!main             c_w.l(__main.o)
    0x080000f4   0x080000f4   0x00000034   Code   RO         1375    !!!scatter          c_w.l(__scatter.o)
    0x08000128   0x08000128   0x0000001a   Code   RO         1377    !!handler_copy      c_w.l(__scatter_copy.o)
    0x08000142   0x08000142   0x00000002   PAD
    0x08000144   0x08000144   0x0000001c   Code   RO         1379    !!handler_zi        c_w.l(__scatter_zi.o)
    0x08000160   0x08000160   0x00000002   Code   RO         1245    .ARM.Collect$$libinit$$00000000  c_w.l(libinit.o)
    0x08000162   0x08000162   0x00000000   Code   RO         1252    .ARM.Collect$$libinit$$00000002  c_w.l(libinit2.o)
    0x08000162   0x08000162   0x00000000   Code   RO         1254    .ARM.Collect$$libinit$$00000004  c_w.l(libinit2.o)
    0x08000162   0x08000162   0x00000000   Code   RO         1257    .ARM.Collect$$libinit$$0000000A  c_w.l(libinit2.o)
    0x08000162   0x08000162   0x00000000   Code   RO         1259    .ARM.Collect$$libinit$$0000000C  c_w.l(libinit2.o)
    0x08000162   0x08000162   0x00000000   Code   RO         1261    .ARM.Collect$$libinit$$0000000E  c_w.l(libinit2.o)
    0x08000162   0x08000162   0x00000000   Code   RO         1264    .ARM.Collect$$libinit$$00000011  c_w.l(libinit2.o)
    0x08000162   0x08000162   0x00000000   Code   RO         1266    .ARM.Collect$$libinit$$00000013  c_w.l(libinit2.o)
    0x08000162   0x08000162   0x00000000   Code   RO         1268    .ARM.Collect$$libinit$$00000015  c_w.l(libinit2.o)
    0x08000162   0x08000162   0x00000000   Code   RO         1270    .ARM.Collect$$libinit$$00000017  c_w.l(libinit2.o)
    0x08000162   0x08000162   0x00000000   Code   RO         1272    .ARM.Collect$$libinit$$00000019  c_w.l(libinit2.o)
    0x08000162   0x08000162   0x00000000   Code   RO         1274    .ARM.Collect$$libinit$$0000001B  c_w.l(libinit2.o)
    0x08000162   0x08000162   0x00000000   Code   RO         1276    .ARM.Collect$$libinit$$0000001D  c_w.l(libinit2.o)
    0x08000162   0x08000162   0x00000000   Code   RO         1278    .ARM.Collect$$libinit$$0000001F  c_w.l(libinit2.o)
    0x08000162   0x08000162   0x00000000   Code   RO         1280    .ARM.Collect$$libinit$$00000021  c_w.l(libinit2.o)
    0x08000162   0x08000162   0x00000000   Code   RO         1282    .ARM.Collect$$libinit$$00000023  c_w.l(libinit2.o)
    0x08000162   0x08000162   0x00000000   Code   RO         1284    .ARM.Collect$$libinit$$00000025  c_w.l(libinit2.o)
    0x08000162   0x08000162   0x00000000   Code   RO         1288    .ARM.Collect$$libinit$$0000002C  c_w.l(libinit2.o)
    0x08000162   0x08000162   0x00000000   Code   RO         1290    .ARM.Collect$$libinit$$0000002E  c_w.l(libinit2.o)
    0x08000162   0x08000162   0x00000000   Code   RO         1292    .ARM.Collect$$libinit$$00000030  c_w.l(libinit2.o)
    0x08000162   0x08000162   0x00000000   Code   RO         1294    .ARM.Collect$$libinit$$00000032  c_w.l(libinit2.o)
    0x08000162   0x08000162   0x00000002   Code   RO         1295    .ARM.Collect$$libinit$$00000033  c_w.l(libinit2.o)
    0x08000164   0x08000164   0x00000002   Code   RO         1315    .ARM.Collect$$libshutdown$$00000000  c_w.l(libshutdown.o)
    0x08000166   0x08000166   0x00000000   Code   RO         1328    .ARM.Collect$$libshutdown$$00000002  c_w.l(libshutdown2.o)
    0x08000166   0x08000166   0x00000000   Code   RO         1330    .ARM.Collect$$libshutdown$$00000004  c_w.l(libshutdown2.o)
    0x08000166   0x08000166   0x00000000   Code   RO         1333    .ARM.Collect$$libshutdown$$00000007  c_w.l(libshutdown2.o)
    0x08000166   0x08000166   0x00000000   Code   RO         1336    .ARM.Collect$$libshutdown$$0000000A  c_w.l(libshutdown2.o)
    0x08000166   0x08000166   0x00000000   Code   RO         1338    .ARM.Collect$$libshutdown$$0000000C  c_w.l(libshutdown2.o)
    0x08000166   0x08000166   0x00000000   Code   RO         1341    .ARM.Collect$$libshutdown$$0000000F  c_w.l(libshutdown2.o)
    0x08000166   0x08000166   0x00000002   Code   RO         1342    .ARM.Collect$$libshutdown$$00000010  c_w.l(libshutdown2.o)
    0x08000168   0x08000168   0x00000000   Code   RO         1220    .ARM.Collect$$rtentry$$00000000  c_w.l(__rtentry.o)
    0x08000168   0x08000168   0x00000000   Code   RO         1222    .ARM.Collect$$rtentry$$00000002  c_w.l(__rtentry2.o)
    0x08000168   0x08000168   0x00000006   Code   RO         1234    .ARM.Collect$$rtentry$$00000004  c_w.l(__rtentry4.o)
    0x0800016e   0x0800016e   0x00000000   Code   RO         1224    .ARM.Collect$$rtentry$$00000009  c_w.l(__rtentry2.o)
    0x0800016e   0x0800016e   0x00000004   Code   RO         1225    .ARM.Collect$$rtentry$$0000000A  c_w.l(__rtentry2.o)
    0x08000172   0x08000172   0x00000000   Code   RO         1227    .ARM.Collect$$rtentry$$0000000C  c_w.l(__rtentry2.o)
    0x08000172   0x08000172   0x00000008   Code   RO         1228    .ARM.Collect$$rtentry$$0000000D  c_w.l(__rtentry2.o)
    0x0800017a   0x0800017a   0x00000002   Code   RO         1249    .ARM.Collect$$rtexit$$00000000  c_w.l(rtexit.o)
    0x0800017c   0x0800017c   0x00000000   Code   RO         1297    .ARM.Collect$$rtexit$$00000002  c_w.l(rtexit2.o)
    0x0800017c   0x0800017c   0x00000004   Code   RO         1298    .ARM.Collect$$rtexit$$00000003  c_w.l(rtexit2.o)
    0x08000180   0x08000180   0x00000006   Code   RO         1299    .ARM.Collect$$rtexit$$00000004  c_w.l(rtexit2.o)
    0x08000186   0x08000186   0x00000002   PAD
    0x08000188   0x08000188   0x00000040   Code   RO         1175    .text               startup_stm32f10x_md.o
    0x080001c8   0x080001c8   0x00000006   Code   RO         1216    .text               c_w.l(heapauxi.o)
    0x080001ce   0x080001ce   0x0000004a   Code   RO         1236    .text               c_w.l(sys_stackheap_outer.o)
    0x08000218   0x08000218   0x00000012   Code   RO         1238    .text               c_w.l(exit.o)
    0x0800022a   0x0800022a   0x00000002   PAD
    0x0800022c   0x0800022c   0x00000008   Code   RO         1246    .text               c_w.l(libspace.o)
    0x08000234   0x08000234   0x0000000c   Code   RO         1307    .text               c_w.l(sys_exit.o)
    0x08000240   0x08000240   0x00000002   Code   RO         1318    .text               c_w.l(use_no_semi.o)
    0x08000242   0x08000242   0x00000000   Code   RO         1320    .text               c_w.l(indicate_semi.o)
    0x08000242   0x08000242   0x00000004   Code   RO          120    i.BusFault_Handler  stm32f10x_it.o
    0x08000246   0x08000246   0x00000002   Code   RO          121    i.DebugMon_Handler  stm32f10x_it.o
    0x08000248   0x08000248   0x00000116   Code   RO          444    i.GPIO_Init         stm32f10x_gpio.o
    0x0800035e   0x0800035e   0x00000012   Code   RO          448    i.GPIO_ReadInputDataBit  stm32f10x_gpio.o
    0x08000370   0x08000370   0x00000004   Code   RO          451    i.GPIO_ResetBits    stm32f10x_gpio.o
    0x08000374   0x08000374   0x00000004   Code   RO          452    i.GPIO_SetBits      stm32f10x_gpio.o
    0x08000378   0x08000378   0x00000004   Code   RO          122    i.HardFault_Handler  stm32f10x_it.o
    0x0800037c   0x0800037c   0x0000002a   Code   RO          755    i.I2C_CheckEvent    stm32f10x_i2c.o
    0x080003a6   0x080003a6   0x00000018   Code   RO          758    i.I2C_Cmd           stm32f10x_i2c.o
    0x080003be   0x080003be   0x00000018   Code   RO          765    i.I2C_GenerateSTART  stm32f10x_i2c.o
    0x080003d6   0x080003d6   0x00000018   Code   RO          766    i.I2C_GenerateSTOP  stm32f10x_i2c.o
    0x080003ee   0x080003ee   0x00000002   PAD
    0x080003f0   0x080003f0   0x000000ec   Code   RO          772    i.I2C_Init          stm32f10x_i2c.o
    0x080004dc   0x080004dc   0x00000012   Code   RO          779    i.I2C_Send7bitAddress  stm32f10x_i2c.o
    0x080004ee   0x080004ee   0x00000004   Code   RO          780    i.I2C_SendData      stm32f10x_i2c.o
    0x080004f2   0x080004f2   0x00000004   Code   RO          123    i.MemManage_Handler  stm32f10x_it.o
    0x080004f6   0x080004f6   0x00000002   Code   RO          124    i.NMI_Handler       stm32f10x_it.o
    0x080004f8   0x080004f8   0x00000070   Code   RO         1136    i.NVIC_Init         misc.o
    0x08000568   0x08000568   0x00000002   Code   RO          125    i.PendSV_Handler    stm32f10x_it.o
    0x0800056a   0x0800056a   0x00000002   PAD
    0x0800056c   0x0800056c   0x00000020   Code   RO          554    i.RCC_APB1PeriphClockCmd  stm32f10x_rcc.o
    0x0800058c   0x0800058c   0x00000020   Code   RO          556    i.RCC_APB2PeriphClockCmd  stm32f10x_rcc.o
    0x080005ac   0x080005ac   0x000000d4   Code   RO          564    i.RCC_GetClocksFreq  stm32f10x_rcc.o
    0x08000680   0x08000680   0x00000002   Code   RO          126    i.SVC_Handler       stm32f10x_it.o
    0x08000682   0x08000682   0x00000008   Code   RO         1180    i.SetSysClock       system_stm32f10x.o
    0x0800068a   0x0800068a   0x00000002   PAD
    0x0800068c   0x0800068c   0x000000e0   Code   RO         1181    i.SetSysClockTo72   system_stm32f10x.o
    0x0800076c   0x0800076c   0x00000018   Code   RO          193    i.SysTick_Handler   dev_delay.o
    0x08000784   0x08000784   0x000000a4   Code   RO         1182    i.SystemCoreClockUpdate  system_stm32f10x.o
    0x08000828   0x08000828   0x00000060   Code   RO         1183    i.SystemInit        system_stm32f10x.o
    0x08000888   0x08000888   0x00000104   Code   RO          127    i.USART2_IRQHandler  stm32f10x_it.o
    0x0800098c   0x0800098c   0x00000048   Code   RO          128    i.USART3_IRQHandler  stm32f10x_it.o
    0x080009d4   0x080009d4   0x00000012   Code   RO          956    i.USART_ClearFlag   stm32f10x_usart.o
    0x080009e6   0x080009e6   0x00000018   Code   RO          960    i.USART_Cmd         stm32f10x_usart.o
    0x080009fe   0x080009fe   0x0000001a   Code   RO          963    i.USART_GetFlagStatus  stm32f10x_usart.o
    0x08000a18   0x08000a18   0x00000054   Code   RO          964    i.USART_GetITStatus  stm32f10x_usart.o
    0x08000a6c   0x08000a6c   0x0000004a   Code   RO          966    i.USART_ITConfig    stm32f10x_usart.o
    0x08000ab6   0x08000ab6   0x00000002   PAD
    0x08000ab8   0x08000ab8   0x000000d8   Code   RO          967    i.USART_Init        stm32f10x_usart.o
    0x08000b90   0x08000b90   0x0000000a   Code   RO          974    i.USART_ReceiveData  stm32f10x_usart.o
    0x08000b9a   0x08000b9a   0x00000008   Code   RO          977    i.USART_SendData    stm32f10x_usart.o
    0x08000ba2   0x08000ba2   0x00000004   Code   RO          129    i.UsageFault_Handler  stm32f10x_it.o
    0x08000ba6   0x08000ba6   0x00000002   PAD
    0x08000ba8   0x08000ba8   0x00000068   Code   RO          194    i.dev_delay_init    dev_delay.o
    0x08000c10   0x08000c10   0x00000018   Code   RO          195    i.dev_delay_ms      dev_delay.o
    0x08000c28   0x08000c28   0x00000014   Code   RO          196    i.dev_delay_us      dev_delay.o
    0x08000c3c   0x08000c3c   0x0000004c   Code   RO          230    i.dev_keypad_init   dev_keypad.o
    0x08000c88   0x08000c88   0x000002bc   Code   RO          231    i.dev_keypad_respond  dev_keypad.o
    0x08000f44   0x08000f44   0x00000010   Code   RO          321    i.dev_lcd_clear     dev_lcd_i2c.o
    0x08000f54   0x08000f54   0x00000024   Code   RO          322    i.dev_lcd_goto_xy   dev_lcd_i2c.o
    0x08000f78   0x08000f78   0x00000068   Code   RO          323    i.dev_lcd_i2c_config  dev_lcd_i2c.o
    0x08000fe0   0x08000fe0   0x0000005a   Code   RO          324    i.dev_lcd_init      dev_lcd_i2c.o
    0x0800103a   0x0800103a   0x00000040   Code   RO          325    i.dev_lcd_off_backlight  dev_lcd_i2c.o
    0x0800107a   0x0800107a   0x00000048   Code   RO          326    i.dev_lcd_on_backlight  dev_lcd_i2c.o
    0x080010c2   0x080010c2   0x00000002   PAD
    0x080010c4   0x080010c4   0x00000060   Code   RO          327    i.dev_lcd_send_byte  dev_lcd_i2c.o
    0x08001124   0x08001124   0x0000000c   Code   RO          328    i.dev_lcd_send_char  dev_lcd_i2c.o
    0x08001130   0x08001130   0x00000046   Code   RO          329    i.dev_lcd_send_cmd  dev_lcd_i2c.o
    0x08001176   0x08001176   0x00000046   Code   RO          330    i.dev_lcd_send_data  dev_lcd_i2c.o
    0x080011bc   0x080011bc   0x00000016   Code   RO          331    i.dev_lcd_send_string  dev_lcd_i2c.o
    0x080011d2   0x080011d2   0x0000001e   Code   RO          398    i.dev_usart_send_char  dev_usart.o
    0x080011f0   0x080011f0   0x0000001a   Code   RO          399    i.dev_usart_send_string  dev_usart.o
    0x0800120a   0x0800120a   0x00000002   PAD
    0x0800120c   0x0800120c   0x0000009c   Code   RO          400    i.dev_usart_usart2_init  dev_usart.o
    0x080012a8   0x080012a8   0x000000a0   Code   RO          401    i.dev_usart_usart3_init  dev_usart.o
    0x08001348   0x08001348   0x00000028   Code   RO          254    i.dev_uti_blink     dev_utilities.o
    0x08001370   0x08001370   0x0000002c   Code   RO          255    i.dev_uti_blink_init  dev_utilities.o
    0x0800139c   0x0800139c   0x00000044   Code   RO          256    i.dev_uti_make_confirmation  dev_utilities.o
    0x080013e0   0x080013e0   0x00000028   Code   RO          257    i.dev_uti_prompt_to_insert  dev_utilities.o
    0x08001408   0x08001408   0x00000014   Code   RO          258    i.dev_uti_reset_string  dev_utilities.o
    0x0800141c   0x0800141c   0x000000ac   Code   RO          259    i.dev_uti_send_to_esp  dev_utilities.o
    0x080014c8   0x080014c8   0x00000040   Code   RO          260    i.dev_uti_show_electric_water  dev_utilities.o
    0x08001508   0x08001508   0x0000005c   Code   RO          261    i.dev_uti_show_insertions  dev_utilities.o
    0x08001564   0x08001564   0x00000020   Code   RO          262    i.dev_uti_show_month  dev_utilities.o
    0x08001584   0x08001584   0x0000001c   Code   RO          263    i.dev_uti_string_copy  dev_utilities.o
    0x080015a0   0x080015a0   0x0000025c   Code   RO            1    i.main              main.o
    0x080017fc   0x080017fc   0x00000020   Data   RO         1373    Region$$Table       anon$$obj.o


    Execution Region RW_IRAM1 (Exec base: 0x20000000, Load base: 0x0800181c, Size: 0x000008b8, Max: 0x00005000, ABSOLUTE)

    Exec Addr    Load Addr    Size         Type   Attr      Idx    E Section Name        Object

    0x20000000   0x0800181c   0x0000000b   Data   RW            3    .data               main.o
    0x2000000b   0x08001827   0x00000004   Data   RW          130    .data               stm32f10x_it.o
    0x2000000f   0x0800182b   0x00000001   PAD
    0x20000010   0x0800182c   0x00000004   Data   RW          197    .data               dev_delay.o
    0x20000014   0x08001830   0x00000004   Data   RW          403    .data               dev_usart.o
    0x20000018   0x08001834   0x00000014   Data   RW          584    .data               stm32f10x_rcc.o
    0x2000002c   0x08001848   0x00000014   Data   RW         1184    .data               system_stm32f10x.o
    0x20000040        -       0x000001f4   Zero   RW            2    .bss                main.o
    0x20000234        -       0x00000010   Zero   RW          332    .bss                dev_lcd_i2c.o
    0x20000244        -       0x00000010   Zero   RW          402    .bss                dev_usart.o
    0x20000254        -       0x00000060   Zero   RW         1247    .bss                c_w.l(libspace.o)
    0x200002b4   0x0800185c   0x00000004   PAD
    0x200002b8        -       0x00000200   Zero   RW         1173    HEAP                startup_stm32f10x_md.o
    0x200004b8        -       0x00000400   Zero   RW         1172    STACK               startup_stm32f10x_md.o


==============================================================================

Image component sizes


      Code (inc. data)   RO Data    RW Data    ZI Data      Debug   Object Name

       172         28          0          4          0      17840   dev_delay.o
       776         22          0          0          0       1479   dev_keypad.o
       652         34          0          0         16       6478   dev_lcd_i2c.o
       372         40          0          4         16       3184   dev_usart.o
       600        174          0          0          0       5176   dev_utilities.o
       604         32          0         11        500     241716   main.o
       112         12          0          0          0       1220   misc.o
        64         26        236          0       1536        864   startup_stm32f10x_md.o
       304          0          0          0          0       3948   stm32f10x_gpio.o
       372         14          0          0          0       6290   stm32f10x_i2c.o
       356         44          0          4          0       4810   stm32f10x_it.o
       276         32          0         20          0       4710   stm32f10x_rcc.o
       460          6          0          0          0       7147   stm32f10x_usart.o
       492         50          0         20          0       3117   system_stm32f10x.o

    ----------------------------------------------------------------------
      5626        514        268         64       2068     307979   Object Totals
         0          0         32          0          0          0   (incl. Generated)
        14          0          0          1          0          0   (incl. Padding)

    ----------------------------------------------------------------------

      Code (inc. data)   RO Data    RW Data    ZI Data      Debug   Library Member Name

         8          0          0          0          0         68   __main.o
         0          0          0          0          0          0   __rtentry.o
        12          0          0          0          0          0   __rtentry2.o
         6          0          0          0          0          0   __rtentry4.o
        52          8          0          0          0          0   __scatter.o
        26          0          0          0          0          0   __scatter_copy.o
        28          0          0          0          0          0   __scatter_zi.o
        18          0          0          0          0         80   exit.o
         6          0          0          0          0        152   heapauxi.o
         0          0          0          0          0          0   indicate_semi.o
         2          0          0          0          0          0   libinit.o
         2          0          0          0          0          0   libinit2.o
         2          0          0          0          0          0   libshutdown.o
         2          0          0          0          0          0   libshutdown2.o
         8          4          0          0         96         68   libspace.o
         2          0          0          0          0          0   rtexit.o
        10          0          0          0          0          0   rtexit2.o
        12          4          0          0          0         68   sys_exit.o
        74          0          0          0          0         80   sys_stackheap_outer.o
         2          0          0          0          0         68   use_no_semi.o

    ----------------------------------------------------------------------
       278         16          0          0        100        584   Library Totals
         6          0          0          0          4          0   (incl. Padding)

    ----------------------------------------------------------------------

      Code (inc. data)   RO Data    RW Data    ZI Data      Debug   Library Name

       272         16          0          0         96        584   c_w.l

    ----------------------------------------------------------------------
       278         16          0          0        100        584   Library Totals

    ----------------------------------------------------------------------

==============================================================================


      Code (inc. data)   RO Data    RW Data    ZI Data      Debug   

      5904        530        268         64       2168     305023   Grand Totals
      5904        530        268         64       2168     305023   ELF Image Totals
      5904        530        268         64          0          0   ROM Totals

==============================================================================

    Total RO  Size (Code + RO Data)                 6172 (   6.03kB)
    Total RW  Size (RW Data + ZI Data)              2232 (   2.18kB)
    Total ROM Size (Code + RO Data + RW Data)       6236 (   6.09kB)

==============================================================================

